#
# There is insufficient memory for the Java Runtime Environment to continue.
# Native memory allocation (malloc) failed to allocate 574976 bytes. Error detail: Chunk::new
# Possible reasons:
#   The system is out of physical RAM or swap space
#   This process is running with CompressedOops enabled, and the Java Heap may be blocking the growth of the native heap
# Possible solutions:
#   Reduce memory load on the system
#   Increase physical memory or swap space
#   Check if swap backing store is full
#   Decrease Java heap size (-Xmx/-Xms)
#   Decrease number of Java threads
#   Decrease Java thread stack sizes (-Xss)
#   Set larger code cache with -XX:ReservedCodeCacheSize=
#   JVM is running with Unscaled Compressed Oops mode in which the Java heap is
#     placed in the first 4GB address space. The Java Heap base address is the
#     maximum limit for the native heap growth. Please use -XX:HeapBaseMinAddress
#     to set the Java Heap base and to place the Java Heap above 4GB virtual address.
# This output file may be truncated or incomplete.
#
#  Out of Memory Error (arena.cpp:168), pid=15696, tid=18692
#
# JRE version: OpenJDK Runtime Environment Temurin-21.0.12.1+1 (21.0.12.1+1) (build 21.0.12.1+1-LTS)
# Java VM: OpenJDK 64-Bit Server VM Temurin-21.0.12.1+1 (21.0.12.1+1-LTS, mixed mode, sharing, tiered, compressed oops, compressed class ptrs, parallel gc, windows-amd64)
# No core dump will be written. Minidumps are not enabled by default on client versions of Windows
#

---------------  S U M M A R Y ------------

Command Line: --add-modules=ALL-SYSTEM --add-opens=java.base/java.util=ALL-UNNAMED --add-opens=java.base/java.lang=ALL-UNNAMED --add-opens=java.base/sun.nio.fs=ALL-UNNAMED -Declipse.application=org.eclipse.jdt.ls.core.id1 -Dosgi.bundles.defaultStartLevel=4 -Declipse.product=org.eclipse.jdt.ls.core.product -Djava.import.generatesMetadataFilesAtProjectRoot=false -Dm2e.project.cache.size=50 -DDetectVMInstallationsJob.disabled=true -Dfile.encoding=utf8 -XX:+UseParallelGC -XX:GCTimeRatio=4 -XX:AdaptiveSizePolicyWeight=90 -Dsun.zip.disableMemoryMapping=true -Xmx2G -Xms100m -Xlog:disable -javaagent:c:\Users\HNC140923\.vscode\extensions\redhat.java-1.56.0-win32-x64\lombok\lombok-1.18.39-4050.jar -XX:+HeapDumpOnOutOfMemoryError -XX:HeapDumpPath=c:\Users\HNC140923\AppData\Roaming\Code\User\workspaceStorage\21cd586050612c21c0e6934e6d9f83d8\redhat.java -Daether.dependencyCollector.impl=bf c:\Users\HNC140923\.vscode\extensions\redhat.java-1.56.0-win32-x64\server\plugins\org.eclipse.equinox.launcher_1.8.0.v20260804-1928.jar -configuration c:\Users\HNC140923\AppData\Roaming\Code\User\globalStorage\redhat.java\1.56.0\config_win -data c:\Users\HNC140923\AppData\Roaming\Code\User\workspaceStorage\21cd586050612c21c0e6934e6d9f83d8\redhat.java\jdt_ws --pipe=\\.\pipe\lsp-287d168d444027b678bda48b068a258a-sock

Host: Intel(R) Core(TM) i3-1005G1 CPU @ 1.20GHz, 4 cores, 3G,  Windows 11 , 64 bit Build 26100 (10.0.26100.9168)
Time: Fri Sep  4 19:26:44 2026 SE Asia Standard Time elapsed time: 26.261418 seconds (0d 0h 0m 26s)

---------------  T H R E A D  ---------------

Current thread (0x000001d5dc0fb900):  JavaThread "C2 CompilerThread0" daemon [_thread_in_native, id=18692, stack(0x0000004970600000,0x0000004970700000) (1024K)]


Current CompileTask:
C2:26261 4601   !   4       org.eclipse.osgi.internal.loader.classpath.ClasspathManager::findLocalClass (210 bytes)

Stack: [0x0000004970600000,0x0000004970700000]
Native frames: (J=compiled Java code, j=interpreted, Vv=VM code, C=native code)
V  [jvm.dll+0x6d83e9]
V  [jvm.dll+0x8b5736]
V  [jvm.dll+0x8b7cee]
V  [jvm.dll+0x8b83d3]
V  [jvm.dll+0x284596]
V  [jvm.dll+0xc685d]
V  [jvm.dll+0xc6da1]
V  [jvm.dll+0x2fb5ae]
V  [jvm.dll+0x5fee94]
V  [jvm.dll+0x255d67]
V  [jvm.dll+0x24e3bf]
V  [jvm.dll+0x24bbe6]
V  [jvm.dll+0x1cb4ae]
V  [jvm.dll+0x25baad]
V  [jvm.dll+0x25a03a]
V  [jvm.dll+0x3f8aae]
V  [jvm.dll+0x8600cd]
V  [jvm.dll+0x6d6c1d]
C  [ucrtbase.dll+0x2cd30]
C  [KERNEL32.DLL+0x2ccb7]
C  [ntdll.dll+0xaad6c]


---------------  P R O C E S S  ---------------

Threads class SMR info:
_java_thread_list=0x000001d5f9f75d90, length=24, elements={
0x000001d5dc1fe160, 0x000001d5dc0ec380, 0x000001d5dc0f0870, 0x000001d5dc0f8c50,
0x000001d5dc0f96b0, 0x000001d5dc0fa110, 0x000001d5dc0fab70, 0x000001d5dc0fb900,
0x000001d5dc1760f0, 0x000001d5f3902000, 0x000001d5f3a39520, 0x000001d5f39f7440,
0x000001d5f8741e30, 0x000001d5f8393d30, 0x000001d5f8394770, 0x000001d5f866df50,
0x000001d5f8e520f0, 0x000001d5f9098a00, 0x000001d5f8832e90, 0x000001d5f8833520,
0x000001d5f8830dc0, 0x000001d5f8830730, 0x000001d5f8831450, 0x000001d5f8832170
}

Java Threads: ( => current thread )
  0x000001d5dc1fe160 JavaThread "main"                              [_thread_blocked, id=10700, stack(0x000000496fb00000,0x000000496fc00000) (1024K)]
  0x000001d5dc0ec380 JavaThread "Reference Handler"          daemon [_thread_blocked, id=19040, stack(0x0000004970000000,0x0000004970100000) (1024K)]
  0x000001d5dc0f0870 JavaThread "Finalizer"                  daemon [_thread_blocked, id=18468, stack(0x0000004970100000,0x0000004970200000) (1024K)]
  0x000001d5dc0f8c50 JavaThread "Signal Dispatcher"          daemon [_thread_blocked, id=8836, stack(0x0000004970200000,0x0000004970300000) (1024K)]
  0x000001d5dc0f96b0 JavaThread "Attach Listener"            daemon [_thread_blocked, id=6184, stack(0x0000004970300000,0x0000004970400000) (1024K)]
  0x000001d5dc0fa110 JavaThread "Service Thread"             daemon [_thread_blocked, id=18648, stack(0x0000004970400000,0x0000004970500000) (1024K)]
  0x000001d5dc0fab70 JavaThread "Monitor Deflation Thread"   daemon [_thread_blocked, id=9832, stack(0x0000004970500000,0x0000004970600000) (1024K)]
=>0x000001d5dc0fb900 JavaThread "C2 CompilerThread0"         daemon [_thread_in_native, id=18692, stack(0x0000004970600000,0x0000004970700000) (1024K)]
  0x000001d5dc1760f0 JavaThread "C1 CompilerThread0"         daemon [_thread_blocked, id=16848, stack(0x0000004970700000,0x0000004970800000) (1024K)]
  0x000001d5f3902000 JavaThread "Common-Cleaner"             daemon [_thread_blocked, id=18228, stack(0x0000004970800000,0x0000004970900000) (1024K)]
  0x000001d5f3a39520 JavaThread "Notification Thread"        daemon [_thread_blocked, id=2604, stack(0x0000004970900000,0x0000004970a00000) (1024K)]
  0x000001d5f39f7440 JavaThread "Active Thread: Equinox Container: 89ab6384-9972-4475-8fbd-6fe35d78d063"        [_thread_blocked, id=18896, stack(0x0000004970d00000,0x0000004970e00000) (1024K)]
  0x000001d5f8741e30 JavaThread "Refresh Thread: Equinox Container: 89ab6384-9972-4475-8fbd-6fe35d78d063" daemon [_thread_blocked, id=16560, stack(0x0000004970e00000,0x0000004970f00000) (1024K)]
  0x000001d5f8393d30 JavaThread "Framework Event Dispatcher: Equinox Container: 89ab6384-9972-4475-8fbd-6fe35d78d063" daemon [_thread_blocked, id=16296, stack(0x0000004970f00000,0x0000004971000000) (1024K)]
  0x000001d5f8394770 JavaThread "Start Level: Equinox Container: 89ab6384-9972-4475-8fbd-6fe35d78d063" daemon [_thread_in_Java, id=19812, stack(0x0000004971000000,0x0000004971100000) (1024K)]
  0x000001d5f866df50 JavaThread "Bundle File Closer"         daemon [_thread_blocked, id=16416, stack(0x0000004971100000,0x0000004971200000) (1024K)]
  0x000001d5f8e520f0 JavaThread "SCR Component Actor"        daemon [_thread_blocked, id=20900, stack(0x0000004971200000,0x0000004971300000) (1024K)]
  0x000001d5f9098a00 JavaThread "Worker-JM"                         [_thread_blocked, id=10464, stack(0x0000004971300000,0x0000004971400000) (1024K)]
  0x000001d5f8832e90 JavaThread "JNA Cleaner"                daemon [_thread_blocked, id=9988, stack(0x0000004971400000,0x0000004971500000) (1024K)]
  0x000001d5f8833520 JavaThread "Worker-0: Repository registry initialization"        [_thread_in_vm, id=15560, stack(0x0000004971500000,0x0000004971600000) (1024K)]
  0x000001d5f8830dc0 JavaThread "Worker-1: Updating Maven Dependencies"        [_thread_blocked, id=12944, stack(0x0000004971600000,0x0000004971700000) (1024K)]
  0x000001d5f8830730 JavaThread "Worker-2"                          [_thread_blocked, id=5496, stack(0x0000004971700000,0x0000004971800000) (1024K)]
  0x000001d5f8831450 JavaThread "Worker-3"                          [_thread_blocked, id=20616, stack(0x0000004971800000,0x0000004971900000) (1024K)]
  0x000001d5f8832170 JavaThread "Java indexing"              daemon [_thread_blocked, id=5636, stack(0x0000004971900000,0x0000004971a00000) (1024K)]
Total: 24

Other Threads:
  0x000001d5dc2bd780 VMThread "VM Thread"                           [id=8608, stack(0x000000496ff00000,0x0000004970000000) (1024K)]
  0x000001d5dc269810 WatcherThread "VM Periodic Task Thread"        [id=21416, stack(0x000000496fe00000,0x000000496ff00000) (1024K)]
  0x000001d5dc21c5b0 WorkerThread "GC Thread#0"                     [id=16288, stack(0x000000496fd00000,0x000000496fe00000) (1024K)]
  0x000001d5f84fb010 WorkerThread "GC Thread#1"                     [id=11156, stack(0x0000004970a00000,0x0000004970b00000) (1024K)]
  0x000001d5f84fb3c0 WorkerThread "GC Thread#2"                     [id=21088, stack(0x0000004970b00000,0x0000004970c00000) (1024K)]
  0x000001d5f80e55b0 WorkerThread "GC Thread#3"                     [id=8384, stack(0x0000004970c00000,0x0000004970d00000) (1024K)]
Total: 6

Threads with active compile tasks:
C2 CompilerThread0  26319 4601   !   4       org.eclipse.osgi.internal.loader.classpath.ClasspathManager::findLocalClass (210 bytes)
Total: 1

VM state: not at safepoint (normal execution)

VM Mutex/Monitor currently owned by a thread: None

Heap address: 0x0000000080000000, size: 2048 MB, Compressed Oops mode: 32-bit

CDS archive(s) mapped at: [0x000001d580000000-0x000001d580ba0000-0x000001d580ba0000), size 12189696, SharedBaseAddress: 0x000001d580000000, ArchiveRelocationMode: 1.
Compressed class space mapped at: 0x000001d581000000-0x000001d5c1000000, reserved size: 1073741824
Narrow klass base: 0x000001d580000000, Narrow klass shift: 0, Narrow klass range: 0x100000000

GC Precious Log:
 CardTable entry size: 512
 CPUs: 4 total, 4 available
 Memory: 3891M
 Large Page Support: Disabled
 NUMA Support: Disabled
 Compressed Oops: Enabled (32-bit)
 Alignments: Space 512K, Generation 512K, Heap 2M
 Heap Min Capacity: 100M
 Heap Initial Capacity: 100M
 Heap Max Capacity: 2G
 Pre-touch: Disabled
 Parallel Workers: 4

Heap:
 PSYoungGen      total 23040K, used 5215K [0x00000000d5580000, 0x00000000d7180000, 0x0000000100000000)
  eden space 22016K, 19% used [0x00000000d5580000,0x00000000d59ab650,0x00000000d6b00000)
  from space 1024K, 92% used [0x00000000d7080000,0x00000000d716c5f0,0x00000000d7180000)
  to   space 1536K, 0% used [0x00000000d6e80000,0x00000000d6e80000,0x00000000d7000000)
 ParOldGen       total 68608K, used 17208K [0x0000000080000000, 0x0000000084300000, 0x00000000d5580000)
  object space 68608K, 25% used [0x0000000080000000,0x00000000810ce2a8,0x0000000084300000)
 Metaspace       used 33548K, committed 34624K, reserved 1114112K
  class space    used 3469K, committed 3904K, reserved 1048576K

Card table byte_map: [0x000001d5dbba0000,0x000001d5dbfb0000] _byte_map_base: 0x000001d5db7a0000

Marking Bits: (ParMarkBitMap*) 0x00007ffd8aed44a0
 Begin Bits: [0x000001d5ee6b0000, 0x000001d5f06b0000)
 End Bits:   [0x000001d5f06b0000, 0x000001d5f26b0000)

Polling page: 0x000001d5da070000

Metaspace:

Usage:
  Non-class:     29.37 MB used.
      Class:      3.39 MB used.
       Both:     32.76 MB used.

Virtual space:
  Non-class space:       64.00 MB reserved,      30.00 MB ( 47%) committed,  1 nodes.
      Class space:        1.00 GB reserved,       3.81 MB ( <1%) committed,  1 nodes.
             Both:        1.06 GB reserved,      33.81 MB (  3%) committed. 

Chunk freelists:
   Non-Class:  1.46 MB
       Class:  12.03 MB
        Both:  13.49 MB

MaxMetaspaceSize: unlimited
CompressedClassSpaceSize: 1.00 GB
Initial GC threshold: 21.00 MB
Current GC threshold: 35.00 MB
CDS: on
 - commit_granule_bytes: 65536.
 - commit_granule_words: 8192.
 - virtual_space_node_default_size: 8388608.
 - enlarge_chunks_in_place: 1.
 - use_allocation_guard: 0.


Internal statistics:

num_allocs_failed_limit: 3.
num_arena_births: 738.
num_arena_deaths: 14.
num_vsnodes_births: 2.
num_vsnodes_deaths: 0.
num_space_committed: 541.
num_space_uncommitted: 0.
num_chunks_returned_to_freelist: 17.
num_chunks_taken_from_freelist: 2161.
num_chunk_merges: 8.
num_chunk_splits: 1347.
num_chunks_enlarged: 806.
num_inconsistent_stats: 0.

CodeHeap 'non-profiled nmethods': size=120000Kb used=2350Kb max_used=2350Kb free=117649Kb
 bounds [0x000001d5e6ed0000, 0x000001d5e7140000, 0x000001d5ee400000]
CodeHeap 'profiled nmethods': size=120000Kb used=10056Kb max_used=10056Kb free=109943Kb
 bounds [0x000001d5df400000, 0x000001d5dfde0000, 0x000001d5e6930000]
CodeHeap 'non-nmethods': size=5760Kb used=1354Kb max_used=1394Kb free=4405Kb
 bounds [0x000001d5e6930000, 0x000001d5e6ba0000, 0x000001d5e6ed0000]
CodeCache: size=245760Kb, used=13760Kb, max_used=13800Kb, free=231997Kb
 total_blobs=5277, nmethods=4637, adapters=546, full_count=0
Compilation: enabled, stopped_count=0, restarted_count=0

Compilation events (20 events):
Event: 26.096 Thread 0x000001d5dc1760f0 4603       3       java.lang.Class::annotationData (44 bytes)
Event: 26.097 Thread 0x000001d5dc1760f0 nmethod 4603 0x000001d5dfda5690 code [0x000001d5dfda5860, 0x000001d5dfda5b38]
Event: 26.098 Thread 0x000001d5dc1760f0 4604   !   3       org.eclipse.osgi.internal.framework.EquinoxBundle::adapt0 (939 bytes)
Event: 26.113 Thread 0x000001d5dc1760f0 nmethod 4604 0x000001d5dfda5c90 code [0x000001d5dfda6b80, 0x000001d5dfdb0160]
Event: 26.114 Thread 0x000001d5dc1760f0 4605       3       sun.invoke.util.VerifyAccess::isModuleAccessible (97 bytes)
Event: 26.116 Thread 0x000001d5dc1760f0 nmethod 4605 0x000001d5dfdb3d90 code [0x000001d5dfdb4060, 0x000001d5dfdb4cd0]
Event: 26.116 Thread 0x000001d5dc1760f0 4606       3       jdk.internal.reflect.ConstantPool::getUTF8At (10 bytes)
Event: 26.116 Thread 0x000001d5dc1760f0 nmethod 4606 0x000001d5dfdb5190 code [0x000001d5dfdb5340, 0x000001d5dfdb5488]
Event: 26.117 Thread 0x000001d5dc1760f0 4607       3       org.eclipse.core.internal.registry.ConfigurationElementHandle::getName (8 bytes)
Event: 26.117 Thread 0x000001d5dc1760f0 nmethod 4607 0x000001d5dfdb5510 code [0x000001d5dfdb56e0, 0x000001d5dfdb5c50]
Event: 26.119 Thread 0x000001d5dc1760f0 4608       3       java.lang.StringConcatHelper::prepend (22 bytes)
Event: 26.119 Thread 0x000001d5dc1760f0 nmethod 4608 0x000001d5dfdb5e10 code [0x000001d5dfdb5fc0, 0x000001d5dfdb6148]
Event: 26.130 Thread 0x000001d5dc1760f0 4609  s    3       java.io.FileDescriptor::attach (73 bytes)
Event: 26.131 Thread 0x000001d5dc1760f0 nmethod 4609 0x000001d5dfdb6210 code [0x000001d5dfdb6440, 0x000001d5dfdb6e70]
Event: 26.134 Thread 0x000001d5dc1760f0 4611       3       java.net.URLConnection::setUseCaches (10 bytes)
Event: 26.139 Thread 0x000001d5dc1760f0 nmethod 4611 0x000001d5dfdb7190 code [0x000001d5dfdb7360, 0x000001d5dfdb75e8]
Event: 26.139 Thread 0x000001d5dc1760f0 4612       3       java.net.URLConnection::checkConnected (19 bytes)
Event: 26.139 Thread 0x000001d5dc1760f0 nmethod 4612 0x000001d5dfdb7710 code [0x000001d5dfdb78c0, 0x000001d5dfdb7ad8]
Event: 26.139 Thread 0x000001d5dc1760f0 4613       1       java.util.zip.ZipFile$ZipFileInputStream::size (5 bytes)
Event: 26.139 Thread 0x000001d5dc1760f0 nmethod 4613 0x000001d5e711ac90 code [0x000001d5e711ae20, 0x000001d5e711aee8]

GC Heap History (20 events):
Event: 15.684 GC heap before
{Heap before GC invocations=4 (full 0):
 PSYoungGen      total 29696K, used 29687K [0x00000000d5580000, 0x00000000d7680000, 0x0000000100000000)
  eden space 25600K, 99% used [0x00000000d5580000,0x00000000d6e7fe78,0x00000000d6e80000)
  from space 4096K, 99% used [0x00000000d6e80000,0x00000000d727de60,0x00000000d7280000)
  to   space 4096K, 0% used [0x00000000d7280000,0x00000000d7280000,0x00000000d7680000)
 ParOldGen       total 68608K, used 5064K [0x0000000080000000, 0x0000000084300000, 0x00000000d5580000)
  object space 68608K, 7% used [0x0000000080000000,0x00000000804f2368,0x0000000084300000)
 Metaspace       used 11723K, committed 12096K, reserved 1114112K
  class space    used 1238K, committed 1408K, reserved 1048576K
}
Event: 15.691 GC heap after
{Heap after GC invocations=4 (full 0):
 PSYoungGen      total 29696K, used 4073K [0x00000000d5580000, 0x00000000d7680000, 0x0000000100000000)
  eden space 25600K, 0% used [0x00000000d5580000,0x00000000d5580000,0x00000000d6e80000)
  from space 4096K, 99% used [0x00000000d7280000,0x00000000d767a4c0,0x00000000d7680000)
  to   space 4096K, 0% used [0x00000000d6e80000,0x00000000d6e80000,0x00000000d7280000)
 ParOldGen       total 68608K, used 6627K [0x0000000080000000, 0x0000000084300000, 0x00000000d5580000)
  object space 68608K, 9% used [0x0000000080000000,0x0000000080678d80,0x0000000084300000)
 Metaspace       used 11723K, committed 12096K, reserved 1114112K
  class space    used 1238K, committed 1408K, reserved 1048576K
}
Event: 17.945 GC heap before
{Heap before GC invocations=5 (full 0):
 PSYoungGen      total 29696K, used 29673K [0x00000000d5580000, 0x00000000d7680000, 0x0000000100000000)
  eden space 25600K, 100% used [0x00000000d5580000,0x00000000d6e80000,0x00000000d6e80000)
  from space 4096K, 99% used [0x00000000d7280000,0x00000000d767a4c0,0x00000000d7680000)
  to   space 4096K, 0% used [0x00000000d6e80000,0x00000000d6e80000,0x00000000d7280000)
 ParOldGen       total 68608K, used 6627K [0x0000000080000000, 0x0000000084300000, 0x00000000d5580000)
  object space 68608K, 9% used [0x0000000080000000,0x0000000080678d80,0x0000000084300000)
 Metaspace       used 15656K, committed 16320K, reserved 1114112K
  class space    used 1617K, committed 1920K, reserved 1048576K
}
Event: 17.951 GC heap after
{Heap after GC invocations=5 (full 0):
 PSYoungGen      total 29184K, used 4073K [0x00000000d5580000, 0x00000000d7a00000, 0x0000000100000000)
  eden space 25088K, 0% used [0x00000000d5580000,0x00000000d5580000,0x00000000d6e00000)
  from space 4096K, 99% used [0x00000000d6e80000,0x00000000d727a7e8,0x00000000d7280000)
  to   space 6144K, 0% used [0x00000000d7400000,0x00000000d7400000,0x00000000d7a00000)
 ParOldGen       total 68608K, used 8187K [0x0000000080000000, 0x0000000084300000, 0x00000000d5580000)
  object space 68608K, 11% used [0x0000000080000000,0x00000000807fed10,0x0000000084300000)
 Metaspace       used 15656K, committed 16320K, reserved 1114112K
  class space    used 1617K, committed 1920K, reserved 1048576K
}
Event: 20.266 GC heap before
{Heap before GC invocations=6 (full 0):
 PSYoungGen      total 29184K, used 29161K [0x00000000d5580000, 0x00000000d7a00000, 0x0000000100000000)
  eden space 25088K, 100% used [0x00000000d5580000,0x00000000d6e00000,0x00000000d6e00000)
  from space 4096K, 99% used [0x00000000d6e80000,0x00000000d727a7e8,0x00000000d7280000)
  to   space 6144K, 0% used [0x00000000d7400000,0x00000000d7400000,0x00000000d7a00000)
 ParOldGen       total 68608K, used 8187K [0x0000000080000000, 0x0000000084300000, 0x00000000d5580000)
  object space 68608K, 11% used [0x0000000080000000,0x00000000807fed10,0x0000000084300000)
 Metaspace       used 18838K, committed 19648K, reserved 1114112K
  class space    used 1973K, committed 2304K, reserved 1048576K
}
Event: 20.274 GC heap after
{Heap after GC invocations=6 (full 0):
 PSYoungGen      total 29696K, used 4818K [0x00000000d5580000, 0x00000000d7900000, 0x0000000100000000)
  eden space 24576K, 0% used [0x00000000d5580000,0x00000000d5580000,0x00000000d6d80000)
  from space 5120K, 94% used [0x00000000d7400000,0x00000000d78b49d8,0x00000000d7900000)
  to   space 5632K, 0% used [0x00000000d6e00000,0x00000000d6e00000,0x00000000d7380000)
 ParOldGen       total 68608K, used 8187K [0x0000000080000000, 0x0000000084300000, 0x00000000d5580000)
  object space 68608K, 11% used [0x0000000080000000,0x00000000807fed10,0x0000000084300000)
 Metaspace       used 18838K, committed 19648K, reserved 1114112K
  class space    used 1973K, committed 2304K, reserved 1048576K
}
Event: 21.030 GC heap before
{Heap before GC invocations=7 (full 0):
 PSYoungGen      total 29696K, used 23684K [0x00000000d5580000, 0x00000000d7900000, 0x0000000100000000)
  eden space 24576K, 76% used [0x00000000d5580000,0x00000000d67ec8e8,0x00000000d6d80000)
  from space 5120K, 94% used [0x00000000d7400000,0x00000000d78b49d8,0x00000000d7900000)
  to   space 5632K, 0% used [0x00000000d6e00000,0x00000000d6e00000,0x00000000d7380000)
 ParOldGen       total 68608K, used 8187K [0x0000000080000000, 0x0000000084300000, 0x00000000d5580000)
  object space 68608K, 11% used [0x0000000080000000,0x00000000807fed10,0x0000000084300000)
 Metaspace       used 20628K, committed 21504K, reserved 1114112K
  class space    used 2179K, committed 2560K, reserved 1048576K
}
Event: 21.040 GC heap after
{Heap after GC invocations=7 (full 0):
 PSYoungGen      total 29184K, used 4367K [0x00000000d5580000, 0x00000000d7680000, 0x0000000100000000)
  eden space 24576K, 0% used [0x00000000d5580000,0x00000000d5580000,0x00000000d6d80000)
  from space 4608K, 94% used [0x00000000d6e00000,0x00000000d7243f28,0x00000000d7280000)
  to   space 4096K, 0% used [0x00000000d7280000,0x00000000d7280000,0x00000000d7680000)
 ParOldGen       total 68608K, used 9615K [0x0000000080000000, 0x0000000084300000, 0x00000000d5580000)
  object space 68608K, 14% used [0x0000000080000000,0x0000000080963fe0,0x0000000084300000)
 Metaspace       used 20628K, committed 21504K, reserved 1114112K
  class space    used 2179K, committed 2560K, reserved 1048576K
}
Event: 21.040 GC heap before
{Heap before GC invocations=8 (full 1):
 PSYoungGen      total 29184K, used 4367K [0x00000000d5580000, 0x00000000d7680000, 0x0000000100000000)
  eden space 24576K, 0% used [0x00000000d5580000,0x00000000d5580000,0x00000000d6d80000)
  from space 4608K, 94% used [0x00000000d6e00000,0x00000000d7243f28,0x00000000d7280000)
  to   space 4096K, 0% used [0x00000000d7280000,0x00000000d7280000,0x00000000d7680000)
 ParOldGen       total 68608K, used 9615K [0x0000000080000000, 0x0000000084300000, 0x00000000d5580000)
  object space 68608K, 14% used [0x0000000080000000,0x0000000080963fe0,0x0000000084300000)
 Metaspace       used 20628K, committed 21504K, reserved 1114112K
  class space    used 2179K, committed 2560K, reserved 1048576K
}
Event: 21.109 GC heap after
{Heap after GC invocations=8 (full 1):
 PSYoungGen      total 29184K, used 0K [0x00000000d5580000, 0x00000000d7680000, 0x0000000100000000)
  eden space 24576K, 0% used [0x00000000d5580000,0x00000000d5580000,0x00000000d6d80000)
  from space 4608K, 0% used [0x00000000d6e00000,0x00000000d6e00000,0x00000000d7280000)
  to   space 4096K, 0% used [0x00000000d7280000,0x00000000d7280000,0x00000000d7680000)
 ParOldGen       total 68608K, used 13460K [0x0000000080000000, 0x0000000084300000, 0x00000000d5580000)
  object space 68608K, 19% used [0x0000000080000000,0x0000000080d25228,0x0000000084300000)
 Metaspace       used 20615K, committed 21504K, reserved 1114112K
  class space    used 2176K, committed 2560K, reserved 1048576K
}
Event: 21.852 GC heap before
{Heap before GC invocations=9 (full 1):
 PSYoungGen      total 29184K, used 24394K [0x00000000d5580000, 0x00000000d7680000, 0x0000000100000000)
  eden space 24576K, 99% used [0x00000000d5580000,0x00000000d6d52910,0x00000000d6d80000)
  from space 4608K, 0% used [0x00000000d6e00000,0x00000000d6e00000,0x00000000d7280000)
  to   space 4096K, 0% used [0x00000000d7280000,0x00000000d7280000,0x00000000d7680000)
 ParOldGen       total 68608K, used 13460K [0x0000000080000000, 0x0000000084300000, 0x00000000d5580000)
  object space 68608K, 19% used [0x0000000080000000,0x0000000080d25228,0x0000000084300000)
 Metaspace       used 22760K, committed 23552K, reserved 1114112K
  class space    used 2349K, committed 2688K, reserved 1048576K
}
Event: 21.855 GC heap after
{Heap after GC invocations=9 (full 1):
 PSYoungGen      total 25600K, used 1242K [0x00000000d5580000, 0x00000000d7400000, 0x0000000100000000)
  eden space 24064K, 0% used [0x00000000d5580000,0x00000000d5580000,0x00000000d6d00000)
  from space 1536K, 80% used [0x00000000d7280000,0x00000000d73b68c8,0x00000000d7400000)
  to   space 2560K, 0% used [0x00000000d6f00000,0x00000000d6f00000,0x00000000d7180000)
 ParOldGen       total 68608K, used 13468K [0x0000000080000000, 0x0000000084300000, 0x00000000d5580000)
  object space 68608K, 19% used [0x0000000080000000,0x0000000080d27228,0x0000000084300000)
 Metaspace       used 22760K, committed 23552K, reserved 1114112K
  class space    used 2349K, committed 2688K, reserved 1048576K
}
Event: 22.749 GC heap before
{Heap before GC invocations=10 (full 1):
 PSYoungGen      total 25600K, used 25306K [0x00000000d5580000, 0x00000000d7400000, 0x0000000100000000)
  eden space 24064K, 100% used [0x00000000d5580000,0x00000000d6d00000,0x00000000d6d00000)
  from space 1536K, 80% used [0x00000000d7280000,0x00000000d73b68c8,0x00000000d7400000)
  to   space 2560K, 0% used [0x00000000d6f00000,0x00000000d6f00000,0x00000000d7180000)
 ParOldGen       total 68608K, used 13468K [0x0000000080000000, 0x0000000084300000, 0x00000000d5580000)
  object space 68608K, 19% used [0x0000000080000000,0x0000000080d27228,0x0000000084300000)
 Metaspace       used 26448K, committed 27328K, reserved 1114112K
  class space    used 2629K, committed 3008K, reserved 1048576K
}
Event: 22.752 GC heap after
{Heap after GC invocations=10 (full 1):
 PSYoungGen      total 26112K, used 957K [0x00000000d5580000, 0x00000000d7300000, 0x0000000100000000)
  eden space 23552K, 0% used [0x00000000d5580000,0x00000000d5580000,0x00000000d6c80000)
  from space 2560K, 37% used [0x00000000d6f00000,0x00000000d6fef460,0x00000000d7180000)
  to   space 1536K, 0% used [0x00000000d7180000,0x00000000d7180000,0x00000000d7300000)
 ParOldGen       total 68608K, used 13476K [0x0000000080000000, 0x0000000084300000, 0x00000000d5580000)
  object space 68608K, 19% used [0x0000000080000000,0x0000000080d29228,0x0000000084300000)
 Metaspace       used 26448K, committed 27328K, reserved 1114112K
  class space    used 2629K, committed 3008K, reserved 1048576K
}
Event: 23.528 GC heap before
{Heap before GC invocations=11 (full 1):
 PSYoungGen      total 26112K, used 24509K [0x00000000d5580000, 0x00000000d7300000, 0x0000000100000000)
  eden space 23552K, 100% used [0x00000000d5580000,0x00000000d6c80000,0x00000000d6c80000)
  from space 2560K, 37% used [0x00000000d6f00000,0x00000000d6fef460,0x00000000d7180000)
  to   space 1536K, 0% used [0x00000000d7180000,0x00000000d7180000,0x00000000d7300000)
 ParOldGen       total 68608K, used 13476K [0x0000000080000000, 0x0000000084300000, 0x00000000d5580000)
  object space 68608K, 19% used [0x0000000080000000,0x0000000080d29228,0x0000000084300000)
 Metaspace       used 28225K, committed 29184K, reserved 1114112K
  class space    used 2817K, committed 3200K, reserved 1048576K
}
Event: 23.530 GC heap after
{Heap after GC invocations=11 (full 1):
 PSYoungGen      total 24576K, used 1524K [0x00000000d5580000, 0x00000000d7300000, 0x0000000100000000)
  eden space 23040K, 0% used [0x00000000d5580000,0x00000000d5580000,0x00000000d6c00000)
  from space 1536K, 99% used [0x00000000d7180000,0x00000000d72fd230,0x00000000d7300000)
  to   space 2048K, 0% used [0x00000000d6f00000,0x00000000d6f00000,0x00000000d7100000)
 ParOldGen       total 68608K, used 14826K [0x0000000080000000, 0x0000000084300000, 0x00000000d5580000)
  object space 68608K, 21% used [0x0000000080000000,0x0000000080e7a850,0x0000000084300000)
 Metaspace       used 28225K, committed 29184K, reserved 1114112K
  class space    used 2817K, committed 3200K, reserved 1048576K
}
Event: 24.976 GC heap before
{Heap before GC invocations=12 (full 1):
 PSYoungGen      total 24576K, used 24564K [0x00000000d5580000, 0x00000000d7300000, 0x0000000100000000)
  eden space 23040K, 100% used [0x00000000d5580000,0x00000000d6c00000,0x00000000d6c00000)
  from space 1536K, 99% used [0x00000000d7180000,0x00000000d72fd230,0x00000000d7300000)
  to   space 2048K, 0% used [0x00000000d6f00000,0x00000000d6f00000,0x00000000d7100000)
 ParOldGen       total 68608K, used 14826K [0x0000000080000000, 0x0000000084300000, 0x00000000d5580000)
  object space 68608K, 21% used [0x0000000080000000,0x0000000080e7a850,0x0000000084300000)
 Metaspace       used 30963K, committed 32000K, reserved 1114112K
  class space    used 3159K, committed 3584K, reserved 1048576K
}
Event: 24.980 GC heap after
{Heap after GC invocations=12 (full 1):
 PSYoungGen      total 24064K, used 1116K [0x00000000d5580000, 0x00000000d7200000, 0x0000000100000000)
  eden space 22528K, 0% used [0x00000000d5580000,0x00000000d5580000,0x00000000d6b80000)
  from space 1536K, 72% used [0x00000000d6f00000,0x00000000d70170b8,0x00000000d7080000)
  to   space 1536K, 0% used [0x00000000d7080000,0x00000000d7080000,0x00000000d7200000)
 ParOldGen       total 68608K, used 16238K [0x0000000080000000, 0x0000000084300000, 0x00000000d5580000)
  object space 68608K, 23% used [0x0000000080000000,0x0000000080fdb8d0,0x0000000084300000)
 Metaspace       used 30963K, committed 32000K, reserved 1114112K
  class space    used 3159K, committed 3584K, reserved 1048576K
}
Event: 26.134 GC heap before
{Heap before GC invocations=13 (full 1):
 PSYoungGen      total 24064K, used 23644K [0x00000000d5580000, 0x00000000d7200000, 0x0000000100000000)
  eden space 22528K, 100% used [0x00000000d5580000,0x00000000d6b80000,0x00000000d6b80000)
  from space 1536K, 72% used [0x00000000d6f00000,0x00000000d70170b8,0x00000000d7080000)
  to   space 1536K, 0% used [0x00000000d7080000,0x00000000d7080000,0x00000000d7200000)
 ParOldGen       total 68608K, used 16238K [0x0000000080000000, 0x0000000084300000, 0x00000000d5580000)
  object space 68608K, 23% used [0x0000000080000000,0x0000000080fdb8d0,0x0000000084300000)
 Metaspace       used 33156K, committed 34240K, reserved 1114112K
  class space    used 3414K, committed 3840K, reserved 1048576K
}
Event: 26.138 GC heap after
{Heap after GC invocations=13 (full 1):
 PSYoungGen      total 23040K, used 945K [0x00000000d5580000, 0x00000000d7180000, 0x0000000100000000)
  eden space 22016K, 0% used [0x00000000d5580000,0x00000000d5580000,0x00000000d6b00000)
  from space 1024K, 92% used [0x00000000d7080000,0x00000000d716c5f0,0x00000000d7180000)
  to   space 1536K, 0% used [0x00000000d6e80000,0x00000000d6e80000,0x00000000d7000000)
 ParOldGen       total 68608K, used 17208K [0x0000000080000000, 0x0000000084300000, 0x00000000d5580000)
  object space 68608K, 25% used [0x0000000080000000,0x00000000810ce2a8,0x0000000084300000)
 Metaspace       used 33156K, committed 34240K, reserved 1114112K
  class space    used 3414K, committed 3840K, reserved 1048576K
}

Dll operation events (20 events):
Event: 0.024 Attempting to load shared library c:\Users\HNC140923\.vscode\extensions\redhat.java-1.56.0-win32-x64\jre\21.0.12.1-win32-x86_64\bin\java.dll
Event: 0.024 Loaded shared library c:\Users\HNC140923\.vscode\extensions\redhat.java-1.56.0-win32-x64\jre\21.0.12.1-win32-x86_64\bin\java.dll
Event: 0.373 Attempting to load shared library c:\Users\HNC140923\.vscode\extensions\redhat.java-1.56.0-win32-x64\jre\21.0.12.1-win32-x86_64\bin\zip.dll
Event: 0.379 Loaded shared library c:\Users\HNC140923\.vscode\extensions\redhat.java-1.56.0-win32-x64\jre\21.0.12.1-win32-x86_64\bin\zip.dll
Event: 0.530 Attempting to load shared library C:\Users\HNC140923\.vscode\extensions\redhat.java-1.56.0-win32-x64\jre\21.0.12.1-win32-x86_64\bin\instrument.dll
Event: 0.530 Loaded shared library C:\Users\HNC140923\.vscode\extensions\redhat.java-1.56.0-win32-x64\jre\21.0.12.1-win32-x86_64\bin\instrument.dll
Event: 0.542 Attempting to load shared library C:\Users\HNC140923\.vscode\extensions\redhat.java-1.56.0-win32-x64\jre\21.0.12.1-win32-x86_64\bin\net.dll
Event: 0.544 Loaded shared library C:\Users\HNC140923\.vscode\extensions\redhat.java-1.56.0-win32-x64\jre\21.0.12.1-win32-x86_64\bin\net.dll
Event: 0.547 Attempting to load shared library C:\Users\HNC140923\.vscode\extensions\redhat.java-1.56.0-win32-x64\jre\21.0.12.1-win32-x86_64\bin\nio.dll
Event: 0.555 Loaded shared library C:\Users\HNC140923\.vscode\extensions\redhat.java-1.56.0-win32-x64\jre\21.0.12.1-win32-x86_64\bin\nio.dll
Event: 0.563 Attempting to load shared library C:\Users\HNC140923\.vscode\extensions\redhat.java-1.56.0-win32-x64\jre\21.0.12.1-win32-x86_64\bin\zip.dll
Event: 0.563 Loaded shared library C:\Users\HNC140923\.vscode\extensions\redhat.java-1.56.0-win32-x64\jre\21.0.12.1-win32-x86_64\bin\zip.dll
Event: 0.592 Attempting to load shared library C:\Users\HNC140923\.vscode\extensions\redhat.java-1.56.0-win32-x64\jre\21.0.12.1-win32-x86_64\bin\jimage.dll
Event: 0.592 Loaded shared library C:\Users\HNC140923\.vscode\extensions\redhat.java-1.56.0-win32-x64\jre\21.0.12.1-win32-x86_64\bin\jimage.dll
Event: 0.822 Attempting to load shared library c:\Users\HNC140923\.vscode\extensions\redhat.java-1.56.0-win32-x64\jre\21.0.12.1-win32-x86_64\bin\verify.dll
Event: 0.822 Loaded shared library c:\Users\HNC140923\.vscode\extensions\redhat.java-1.56.0-win32-x64\jre\21.0.12.1-win32-x86_64\bin\verify.dll
Event: 10.774 Attempting to load shared library C:\Users\HNC140923\AppData\Roaming\Code\User\globalStorage\redhat.java\1.56.0\config_win\org.eclipse.equinox.launcher\org.eclipse.equinox.launcher.win32.win32.x86_64_1.3.100.v20260804-1928\eclipse_11924.dll
Event: 10.804 Loaded shared library C:\Users\HNC140923\AppData\Roaming\Code\User\globalStorage\redhat.java\1.56.0\config_win\org.eclipse.equinox.launcher\org.eclipse.equinox.launcher.win32.win32.x86_64_1.3.100.v20260804-1928\eclipse_11924.dll
Event: 18.396 Attempting to load shared library C:\Users\HNC140923\AppData\Local\Temp\jna--2001907478\jna14860799698341107678.dll
Event: 18.399 Loaded shared library C:\Users\HNC140923\AppData\Local\Temp\jna--2001907478\jna14860799698341107678.dll

Deoptimization events (20 events):
Event: 25.252 Thread 0x000001d5f8833520 Uncommon trap: trap_request=0xffffff45 fr.pc=0x000001d5e70e8ce4 relative=0x0000000000001004
Event: 25.252 Thread 0x000001d5f8833520 Uncommon trap: reason=unstable_if action=reinterpret pc=0x000001d5e70e8ce4 method=sun.nio.cs.StreamDecoder.lockedRead0()I @ 30 c2
Event: 25.252 Thread 0x000001d5f8833520 DEOPT PACKING pc=0x000001d5e70e8ce4 sp=0x00000049715fe040
Event: 25.252 Thread 0x000001d5f8833520 DEOPT UNPACKING pc=0x000001d5e6986da2 sp=0x00000049715fdef8 mode 2
Event: 25.252 Thread 0x000001d5f8833520 Uncommon trap: trap_request=0xffffff45 fr.pc=0x000001d5e70ed5f4 relative=0x0000000000000414
Event: 25.252 Thread 0x000001d5f8833520 Uncommon trap: reason=unstable_if action=reinterpret pc=0x000001d5e70ed5f4 method=java.io.Reader.read()I @ 12 c2
Event: 25.252 Thread 0x000001d5f8833520 DEOPT PACKING pc=0x000001d5e70ed5f4 sp=0x00000049715fe0c0
Event: 25.252 Thread 0x000001d5f8833520 DEOPT UNPACKING pc=0x000001d5e6986da2 sp=0x00000049715fdff0 mode 2
Event: 25.611 Thread 0x000001d5f8833520 Uncommon trap: trap_request=0xffffff45 fr.pc=0x000001d5e70ff140 relative=0x0000000000000a60
Event: 25.611 Thread 0x000001d5f8833520 Uncommon trap: reason=unstable_if action=reinterpret pc=0x000001d5e70ff140 method=org.codehaus.plexus.util.xml.pull.MXParser.nextImpl()I @ 241 c2
Event: 25.611 Thread 0x000001d5f8833520 DEOPT PACKING pc=0x000001d5e70ff140 sp=0x00000049715fe6d0
Event: 25.611 Thread 0x000001d5f8833520 DEOPT UNPACKING pc=0x000001d5e6986da2 sp=0x00000049715fe640 mode 2
Event: 26.092 Thread 0x000001d5f8394770 Uncommon trap: trap_request=0xffffffde fr.pc=0x000001d5e7111538 relative=0x00000000000000f8
Event: 26.092 Thread 0x000001d5f8394770 Uncommon trap: reason=class_check action=maybe_recompile pc=0x000001d5e7111538 method=sun.nio.cs.UTF_8.updatePositions(Ljava/nio/Buffer;ILjava/nio/Buffer;I)V @ 3 c2
Event: 26.092 Thread 0x000001d5f8394770 DEOPT PACKING pc=0x000001d5e7111538 sp=0x00000049710fdf00
Event: 26.092 Thread 0x000001d5f8394770 DEOPT UNPACKING pc=0x000001d5e6986da2 sp=0x00000049710fdeb0 mode 2
Event: 26.092 Thread 0x000001d5f8394770 Uncommon trap: trap_request=0xffffffde fr.pc=0x000001d5e7111538 relative=0x00000000000000f8
Event: 26.092 Thread 0x000001d5f8394770 Uncommon trap: reason=class_check action=maybe_recompile pc=0x000001d5e7111538 method=sun.nio.cs.UTF_8.updatePositions(Ljava/nio/Buffer;ILjava/nio/Buffer;I)V @ 3 c2
Event: 26.092 Thread 0x000001d5f8394770 DEOPT PACKING pc=0x000001d5e7111538 sp=0x00000049710fdf90
Event: 26.092 Thread 0x000001d5f8394770 DEOPT UNPACKING pc=0x000001d5e6986da2 sp=0x00000049710fdf40 mode 2

Classes loaded (20 events):
Event: 25.944 Loading class com/sun/org/apache/xml/internal/serializer/NamespaceMappings
Event: 25.945 Loading class com/sun/org/apache/xml/internal/serializer/NamespaceMappings done
Event: 25.945 Loading class com/sun/org/apache/xml/internal/serializer/NamespaceMappings$MappingRecord
Event: 25.946 Loading class com/sun/org/apache/xml/internal/serializer/NamespaceMappings$MappingRecord done
Event: 25.946 Loading class javax/xml/transform/stream/StreamSource
Event: 25.946 Loading class javax/xml/transform/stream/StreamSource done
Event: 25.946 Loading class javax/xml/transform/sax/SAXSource
Event: 25.946 Loading class javax/xml/transform/sax/SAXSource done
Event: 25.946 Loading class javax/xml/transform/stax/StAXSource
Event: 25.946 Loading class javax/xml/transform/stax/StAXSource done
Event: 25.946 Loading class com/sun/org/apache/xalan/internal/xsltc/trax/DOM2TO
Event: 25.947 Loading class com/sun/org/apache/xalan/internal/xsltc/trax/DOM2TO done
Event: 25.951 Loading class com/sun/org/apache/xml/internal/serializer/WriterToUTF8Buffered
Event: 25.951 Loading class com/sun/org/apache/xml/internal/serializer/WriterChain
Event: 25.951 Loading class com/sun/org/apache/xml/internal/serializer/WriterChain done
Event: 25.951 Loading class com/sun/org/apache/xml/internal/serializer/WriterToUTF8Buffered done
Event: 25.951 Loading class com/sun/org/apache/xml/internal/serializer/WriterToASCI
Event: 25.952 Loading class com/sun/org/apache/xml/internal/serializer/WriterToASCI done
Event: 26.090 Loading class sun/nio/cs/UTF_8$Encoder
Event: 26.091 Loading class sun/nio/cs/UTF_8$Encoder done

Classes unloaded (7 events):
Event: 21.056 Thread 0x000001d5dc2bd780 Unloading class 0x000001d5811aa000 'java/lang/invoke/LambdaForm$MH+0x000001d5811aa000'
Event: 21.056 Thread 0x000001d5dc2bd780 Unloading class 0x000001d5811a9c00 'java/lang/invoke/LambdaForm$MH+0x000001d5811a9c00'
Event: 21.056 Thread 0x000001d5dc2bd780 Unloading class 0x000001d5811a9800 'java/lang/invoke/LambdaForm$MH+0x000001d5811a9800'
Event: 21.056 Thread 0x000001d5dc2bd780 Unloading class 0x000001d5811a9400 'java/lang/invoke/LambdaForm$MH+0x000001d5811a9400'
Event: 21.056 Thread 0x000001d5dc2bd780 Unloading class 0x000001d5811a9000 'java/lang/invoke/LambdaForm$BMH+0x000001d5811a9000'
Event: 21.056 Thread 0x000001d5dc2bd780 Unloading class 0x000001d5811a8c00 'java/lang/invoke/LambdaForm$DMH+0x000001d5811a8c00'
Event: 21.056 Thread 0x000001d5dc2bd780 Unloading class 0x000001d5811a3800 'java/lang/invoke/LambdaForm$DMH+0x000001d5811a3800'

Classes redefined (0 events):
No events

Internal exceptions (20 events):
Event: 22.377 Thread 0x000001d5f8833520 Exception <a 'java/lang/NoSuchMethodError'{0x00000000d64e0c10}: 'int java.lang.invoke.DirectMethodHandle$Holder.invokeStaticInit(java.lang.Object, int, int)'> (0x00000000d64e0c10) 
thrown [s\src\hotspot\share\interpreter\linkResolver.cpp, line 773]
Event: 22.380 Thread 0x000001d5f8833520 Exception <a 'java/lang/NoSuchMethodError'{0x00000000d64e7f20}: 'int java.lang.invoke.DirectMethodHandle$Holder.invokeStaticInit(java.lang.Object, long, long)'> (0x00000000d64e7f20) 
thrown [s\src\hotspot\share\interpreter\linkResolver.cpp, line 773]
Event: 22.382 Thread 0x000001d5f8394770 Implicit null exception at 0x000001d5e70905f5 to 0x000001d5e7090708
Event: 22.384 Thread 0x000001d5f8833520 Exception <a 'java/lang/NoSuchMethodError'{0x00000000d64ee848}: 'int java.lang.invoke.DirectMethodHandle$Holder.invokeStaticInit(java.lang.Object, float, float)'> (0x00000000d64ee848) 
thrown [s\src\hotspot\share\interpreter\linkResolver.cpp, line 773]
Event: 22.390 Thread 0x000001d5f8833520 Exception <a 'java/lang/NoSuchMethodError'{0x00000000d64f4f28}: 'int java.lang.invoke.DirectMethodHandle$Holder.invokeStaticInit(java.lang.Object, double, double)'> (0x00000000d64f4f28) 
thrown [s\src\hotspot\share\interpreter\linkResolver.cpp, line 773]
Event: 22.397 Thread 0x000001d5f8833520 Exception <a 'java/lang/NoSuchMethodError'{0x00000000d64f92c0}: 'int java.lang.invoke.DirectMethodHandle$Holder.invokeStatic(java.lang.Object, long)'> (0x00000000d64f92c0) 
thrown [s\src\hotspot\share\interpreter\linkResolver.cpp, line 773]
Event: 22.462 Thread 0x000001d5f8833520 Exception <a 'java/lang/NoSuchMethodError'{0x00000000d651d920}: 'int java.lang.invoke.Invokers$Holder.linkToTargetMethod(java.lang.Object, java.lang.Object)'> (0x00000000d651d920) 
thrown [s\src\hotspot\share\interpreter\linkResolver.cpp, line 773]
Event: 22.499 Thread 0x000001d5f8830dc0 Exception <a 'java/lang/NoSuchMethodError'{0x00000000d65bcf48}: 'int java.lang.invoke.DirectMethodHandle$Holder.invokeSpecial(java.lang.Object, java.lang.Object, java.lang.Object, java.lang.Object)'> (0x00000000d65bcf48) 
thrown [s\src\hotspot\share\interpreter\linkResolver.cpp, line 773]
Event: 22.528 Thread 0x000001d5f8830dc0 Exception <a 'java/lang/NoSuchMethodError'{0x00000000d65ca660}: 'java.lang.Object java.lang.invoke.DirectMethodHandle$Holder.invokeStatic(java.lang.Object, int, java.lang.Object, java.lang.Object)'> (0x00000000d65ca660) 
thrown [s\src\hotspot\share\interpreter\linkResolver.cpp, line 773]
Event: 22.532 Thread 0x000001d5f8830dc0 Exception <a 'java/lang/NoSuchMethodError'{0x00000000d6644ac0}: 'java.lang.Object java.lang.invoke.DelegatingMethodHandle$Holder.delegate(java.lang.Object, int, java.lang.Object, java.lang.Object)'> (0x00000000d6644ac0) 
thrown [s\src\hotspot\share\interpreter\linkResolver.cpp, line 773]
Event: 22.548 Thread 0x000001d5f8830dc0 Exception <a 'java/lang/NoSuchMethodError'{0x00000000d66855d0}: 'int java.lang.invoke.Invokers$Holder.linkToTargetMethod(java.lang.Object, java.lang.Object, java.lang.Object)'> (0x00000000d66855d0) 
thrown [s\src\hotspot\share\interpreter\linkResolver.cpp, line 773]
Event: 22.796 Thread 0x000001d5f8833520 Exception <a 'java/lang/NoSuchMethodError'{0x00000000d5612290}: 'java.lang.Object java.lang.invoke.DirectMethodHandle$Holder.invokeSpecialIFC(java.lang.Object, java.lang.Object, java.lang.Object, java.lang.Object)'> (0x00000000d5612290) 
thrown [s\src\hotspot\share\interpreter\linkResolver.cpp, line 773]
Event: 23.426 Thread 0x000001d5f8394770 Exception <a 'java/io/FileNotFoundException'{0x00000000d69629c8}> (0x00000000d69629c8) 
thrown [s\src\hotspot\share\prims\jni.cpp, line 520]
Event: 23.427 Thread 0x000001d5f8394770 Exception <a 'java/io/FileNotFoundException'{0x00000000d69639e0}> (0x00000000d69639e0) 
thrown [s\src\hotspot\share\prims\jni.cpp, line 520]
Event: 24.575 Thread 0x000001d5f8394770 Exception <a 'java/lang/ClassNotFoundException'{0x00000000d6603838}: com/sun/org/apache/xerces/internal/impl/msg/spi/DOMMessagesProvider> (0x00000000d6603838) 
thrown [s\src\hotspot\share\classfile\systemDictionary.cpp, line 313]
Event: 24.584 Thread 0x000001d5f8394770 Exception <a 'java/lang/ClassNotFoundException'{0x00000000d6614ff0}: com/sun/org/apache/xerces/internal/impl/msg/spi/XMLSerializerMessagesProvider> (0x00000000d6614ff0) 
thrown [s\src\hotspot\share\classfile\systemDictionary.cpp, line 313]
Event: 24.594 Thread 0x000001d5f8394770 Exception <a 'java/lang/ClassNotFoundException'{0x00000000d6622310}: com/sun/org/apache/xerces/internal/impl/msg/spi/XMLMessagesProvider> (0x00000000d6622310) 
thrown [s\src\hotspot\share\classfile\systemDictionary.cpp, line 313]
Event: 24.908 Thread 0x000001d5f8833520 Exception <a 'java/lang/NoClassDefFoundError'{0x00000000d6ad8280}: javax/enterprise/inject/Typed> (0x00000000d6ad8280) 
thrown [s\src\hotspot\share\classfile\systemDictionary.cpp, line 302]
Event: 25.681 Thread 0x000001d5f8394770 Exception <a 'java/lang/ClassNotFoundException'{0x00000000d62603f0}: com/sun/org/apache/xml/internal/serializer/spi/XMLEntitiesProvider> (0x00000000d62603f0) 
thrown [s\src\hotspot\share\classfile\systemDictionary.cpp, line 313]
Event: 26.130 Thread 0x000001d5f8394770 Exception <a 'java/io/FileNotFoundException'{0x00000000d6a9f7c8}> (0x00000000d6a9f7c8) 
thrown [s\src\hotspot\share\prims\jni.cpp, line 520]

ZGC Phase Switch (0 events):
No events

VM Operations (20 events):
Event: 21.852 Executing safepoint VM operation: ParallelGCFailedAllocation (Allocation Failure)
Event: 21.855 Executing safepoint VM operation: ParallelGCFailedAllocation (Allocation Failure) done
Event: 22.531 Executing non-safepoint VM operation: HandshakeAllThreads (Deoptimize)
Event: 22.531 Executing non-safepoint VM operation: HandshakeAllThreads (Deoptimize) done
Event: 22.749 Executing safepoint VM operation: ParallelGCFailedAllocation (Allocation Failure)
Event: 22.752 Executing safepoint VM operation: ParallelGCFailedAllocation (Allocation Failure) done
Event: 23.527 Executing safepoint VM operation: ParallelGCFailedAllocation (Allocation Failure)
Event: 23.530 Executing safepoint VM operation: ParallelGCFailedAllocation (Allocation Failure) done
Event: 24.534 Executing safepoint VM operation: Cleanup
Event: 24.535 Executing safepoint VM operation: Cleanup done
Event: 24.727 Executing non-safepoint VM operation: HandshakeAllThreads (Deoptimize)
Event: 24.866 Executing non-safepoint VM operation: HandshakeAllThreads (Deoptimize) done
Event: 24.872 Executing non-safepoint VM operation: HandshakeAllThreads (Deoptimize)
Event: 24.881 Executing non-safepoint VM operation: HandshakeAllThreads (Deoptimize) done
Event: 24.976 Executing safepoint VM operation: ParallelGCFailedAllocation (Allocation Failure)
Event: 24.980 Executing safepoint VM operation: ParallelGCFailedAllocation (Allocation Failure) done
Event: 25.863 Executing non-safepoint VM operation: HandshakeAllThreads (Deoptimize)
Event: 25.863 Executing non-safepoint VM operation: HandshakeAllThreads (Deoptimize) done
Event: 26.134 Executing safepoint VM operation: ParallelGCFailedAllocation (Allocation Failure)
Event: 26.138 Executing safepoint VM operation: ParallelGCFailedAllocation (Allocation Failure) done

Memory protections (0 events):
No events

Nmethod flushes (0 events):
No events

Events (20 events):
Event: 0.180 Thread 0x000001d5dc1fe160 Thread added: 0x000001d5dc0f96b0
Event: 0.180 Thread 0x000001d5dc1fe160 Thread added: 0x000001d5dc0fa110
Event: 0.180 Thread 0x000001d5dc1fe160 Thread added: 0x000001d5dc0fab70
Event: 0.180 Thread 0x000001d5dc1fe160 Thread added: 0x000001d5dc0fb900
Event: 0.189 Thread 0x000001d5dc1fe160 Thread added: 0x000001d5dc1760f0
Event: 0.533 Thread 0x000001d5dc1fe160 Thread added: 0x000001d5f3902000
Event: 1.381 Thread 0x000001d5dc1fe160 Thread added: 0x000001d5f3a39520
Event: 9.706 Thread 0x000001d5dc1fe160 Thread added: 0x000001d5f39f7440
Event: 10.750 Thread 0x000001d5dc1fe160 Thread added: 0x000001d5f8741e30
Event: 10.961 Thread 0x000001d5f8741e30 Thread added: 0x000001d5f8393d30
Event: 10.966 Thread 0x000001d5dc1fe160 Thread added: 0x000001d5f8394770
Event: 13.021 Thread 0x000001d5f8394770 Thread added: 0x000001d5f866df50
Event: 15.264 Thread 0x000001d5f8394770 Thread added: 0x000001d5f8e520f0
Event: 16.851 Thread 0x000001d5f8394770 Thread added: 0x000001d5f9098a00
Event: 18.493 Thread 0x000001d5f8394770 Thread added: 0x000001d5f8832e90
Event: 18.899 Thread 0x000001d5f8394770 Thread added: 0x000001d5f8833520
Event: 19.073 Thread 0x000001d5f8394770 Thread added: 0x000001d5f8830dc0
Event: 22.356 Thread 0x000001d5f8833520 Thread added: 0x000001d5f8830730
Event: 22.514 Thread 0x000001d5f8830730 Thread added: 0x000001d5f8831450
Event: 24.651 Thread 0x000001d5f8394770 Thread added: 0x000001d5f8832170


Dynamic libraries:
0x00007ff7113b0000 - 0x00007ff7113be000 	c:\Users\HNC140923\.vscode\extensions\redhat.java-1.56.0-win32-x64\jre\21.0.12.1-win32-x86_64\bin\java.exe
0x00007ffe74ca0000 - 0x00007ffe74f06000 	C:\WINDOWS\SYSTEM32\ntdll.dll
0x00007ffe73910000 - 0x00007ffe739d9000 	C:\WINDOWS\System32\KERNEL32.DLL
0x00007ffe71f70000 - 0x00007ffe7236f000 	C:\WINDOWS\System32\KERNELBASE.dll
0x00007ffe72380000 - 0x00007ffe724cc000 	C:\WINDOWS\System32\ucrtbase.dll
0x00007ffe5d1f0000 - 0x00007ffe5d208000 	c:\Users\HNC140923\.vscode\extensions\redhat.java-1.56.0-win32-x64\jre\21.0.12.1-win32-x86_64\bin\jli.dll
0x00007ffe72a80000 - 0x00007ffe72c46000 	C:\WINDOWS\System32\USER32.dll
0x00007ffe724e0000 - 0x00007ffe72507000 	C:\WINDOWS\System32\win32u.dll
0x00007ffe729d0000 - 0x00007ffe729fb000 	C:\WINDOWS\System32\GDI32.dll
0x00007ffe728a0000 - 0x00007ffe729c9000 	C:\WINDOWS\System32\gdi32full.dll
0x00007ffe727f0000 - 0x00007ffe72893000 	C:\WINDOWS\System32\msvcp_win.dll
0x00007ffe56110000 - 0x00007ffe5612e000 	c:\Users\HNC140923\.vscode\extensions\redhat.java-1.56.0-win32-x64\jre\21.0.12.1-win32-x86_64\bin\VCRUNTIME140.dll
0x00007ffe5e8b0000 - 0x00007ffe5eb41000 	C:\WINDOWS\WinSxS\amd64_microsoft.windows.common-controls_6595b64144ccf1df_6.0.26100.8972_none_3e0da176e32f9d4b\COMCTL32.dll
0x00007ffe73b20000 - 0x00007ffe73bc9000 	C:\WINDOWS\System32\msvcrt.dll
0x00007ffe74bd0000 - 0x00007ffe74c02000 	C:\WINDOWS\System32\IMM32.DLL
0x00007ffe6ba00000 - 0x00007ffe6ba0c000 	c:\Users\HNC140923\.vscode\extensions\redhat.java-1.56.0-win32-x64\jre\21.0.12.1-win32-x86_64\bin\vcruntime140_1.dll
0x00007ffdb6000000 - 0x00007ffdb608d000 	c:\Users\HNC140923\.vscode\extensions\redhat.java-1.56.0-win32-x64\jre\21.0.12.1-win32-x86_64\bin\msvcp140.dll
0x00007ffd8a210000 - 0x00007ffd8afb2000 	c:\Users\HNC140923\.vscode\extensions\redhat.java-1.56.0-win32-x64\jre\21.0.12.1-win32-x86_64\bin\server\jvm.dll
0x00007ffe72cb0000 - 0x00007ffe72d6c000 	C:\WINDOWS\System32\ADVAPI32.dll
0x00007ffe739e0000 - 0x00007ffe73a8a000 	C:\WINDOWS\System32\sechost.dll
0x00007ffe72e80000 - 0x00007ffe72f98000 	C:\WINDOWS\System32\RPCRT4.dll
0x00007ffe749b0000 - 0x00007ffe74a32000 	C:\WINDOWS\System32\WS2_32.dll
0x00007ffe71d30000 - 0x00007ffe71d8e000 	C:\WINDOWS\SYSTEM32\POWRPROF.dll
0x00007ffe5b270000 - 0x00007ffe5b2a6000 	C:\WINDOWS\SYSTEM32\WINMM.dll
0x00007ffe6c270000 - 0x00007ffe6c27b000 	C:\WINDOWS\SYSTEM32\VERSION.dll
0x00007ffe71d10000 - 0x00007ffe71d25000 	C:\WINDOWS\SYSTEM32\UMPDC.dll
0x00007ffe70ba0000 - 0x00007ffe70bbb000 	C:\WINDOWS\SYSTEM32\kernel.appcore.dll
0x00007ffe692f0000 - 0x00007ffe692fa000 	c:\Users\HNC140923\.vscode\extensions\redhat.java-1.56.0-win32-x64\jre\21.0.12.1-win32-x86_64\bin\jimage.dll
0x00007ffe6f660000 - 0x00007ffe6f8a2000 	C:\WINDOWS\SYSTEM32\DBGHELP.DLL
0x00007ffe73e00000 - 0x00007ffe74185000 	C:\WINDOWS\System32\combase.dll
0x00007ffe73600000 - 0x00007ffe736d9000 	C:\WINDOWS\System32\OLEAUT32.dll
0x00007ffe59aa0000 - 0x00007ffe59adb000 	C:\WINDOWS\SYSTEM32\dbgcore.DLL
0x00007ffe726a0000 - 0x00007ffe7274c000 	C:\WINDOWS\System32\bcryptPrimitives.dll
0x00007ffe65960000 - 0x00007ffe6596f000 	c:\Users\HNC140923\.vscode\extensions\redhat.java-1.56.0-win32-x64\jre\21.0.12.1-win32-x86_64\bin\instrument.dll
0x00007ffe560d0000 - 0x00007ffe560f0000 	c:\Users\HNC140923\.vscode\extensions\redhat.java-1.56.0-win32-x64\jre\21.0.12.1-win32-x86_64\bin\java.dll
0x00007ffe74220000 - 0x00007ffe749a8000 	C:\WINDOWS\System32\SHELL32.dll
0x00007ffe6f9a0000 - 0x00007ffe7023b000 	C:\WINDOWS\SYSTEM32\windows.storage.dll
0x00007ffe74ac0000 - 0x00007ffe74bb9000 	C:\WINDOWS\System32\SHCORE.dll
0x00007ffe74a50000 - 0x00007ffe74ab6000 	C:\WINDOWS\System32\shlwapi.dll
0x00007ffe71dd0000 - 0x00007ffe71df9000 	C:\WINDOWS\SYSTEM32\profapi.dll
0x00007ffe41500000 - 0x00007ffe41518000 	c:\Users\HNC140923\.vscode\extensions\redhat.java-1.56.0-win32-x64\jre\21.0.12.1-win32-x86_64\bin\zip.dll
0x00007ffe68f70000 - 0x00007ffe68f80000 	C:\Users\HNC140923\.vscode\extensions\redhat.java-1.56.0-win32-x64\jre\21.0.12.1-win32-x86_64\bin\net.dll
0x00007ffe64a70000 - 0x00007ffe64b98000 	C:\WINDOWS\SYSTEM32\WINHTTP.dll
0x00007ffe71150000 - 0x00007ffe711bc000 	C:\WINDOWS\system32\mswsock.dll
0x00007ffe3eee0000 - 0x00007ffe3eef6000 	C:\Users\HNC140923\.vscode\extensions\redhat.java-1.56.0-win32-x64\jre\21.0.12.1-win32-x86_64\bin\nio.dll
0x00007ffe658b0000 - 0x00007ffe658c0000 	c:\Users\HNC140923\.vscode\extensions\redhat.java-1.56.0-win32-x64\jre\21.0.12.1-win32-x86_64\bin\verify.dll
0x00007ffe4d9c0000 - 0x00007ffe4da05000 	C:\Users\HNC140923\AppData\Roaming\Code\User\globalStorage\redhat.java\1.56.0\config_win\org.eclipse.equinox.launcher\org.eclipse.equinox.launcher.win32.win32.x86_64_1.3.100.v20260804-1928\eclipse_11924.dll
0x00007ffe72fc0000 - 0x00007ffe73159000 	C:\WINDOWS\System32\ole32.dll
0x00007ffe71440000 - 0x00007ffe7145b000 	C:\WINDOWS\SYSTEM32\CRYPTSP.dll
0x00007ffe70b00000 - 0x00007ffe70b39000 	C:\WINDOWS\system32\rsaenh.dll
0x00007ffe71200000 - 0x00007ffe71232000 	C:\WINDOWS\SYSTEM32\USERENV.dll
0x00007ffe71da0000 - 0x00007ffe71dca000 	C:\WINDOWS\SYSTEM32\bcrypt.dll
0x00007ffe71460000 - 0x00007ffe7146c000 	C:\WINDOWS\SYSTEM32\CRYPTBASE.dll
0x00007ffe70570000 - 0x00007ffe705a3000 	C:\WINDOWS\SYSTEM32\IPHLPAPI.DLL
0x00007ffe73160000 - 0x00007ffe7316a000 	C:\WINDOWS\System32\NSI.dll
0x00007ffe0fd80000 - 0x00007ffe0fdc9000 	C:\Users\HNC140923\AppData\Local\Temp\jna--2001907478\jna14860799698341107678.dll
0x00007ffe74a40000 - 0x00007ffe74a48000 	C:\WINDOWS\System32\PSAPI.DLL

JVMTI agents:
c:\Users\HNC140923\.vscode\extensions\redhat.java-1.56.0-win32-x64\lombok\lombok-1.18.39-4050.jar path:c:\Users\HNC140923\.vscode\extensions\redhat.java-1.56.0-win32-x64\jre\21.0.12.1-win32-x86_64\bin\instrument.dll, loaded, initialized, instrumentlib options:none

dbghelp: loaded successfully - version: 4.0.5 - missing functions: none
symbol engine: initialized successfully - sym options: 0x614 - pdb path: .;c:\Users\HNC140923\.vscode\extensions\redhat.java-1.56.0-win32-x64\jre\21.0.12.1-win32-x86_64\bin;C:\WINDOWS\SYSTEM32;C:\WINDOWS\WinSxS\amd64_microsoft.windows.common-controls_6595b64144ccf1df_6.0.26100.8972_none_3e0da176e32f9d4b;c:\Users\HNC140923\.vscode\extensions\redhat.java-1.56.0-win32-x64\jre\21.0.12.1-win32-x86_64\bin\server;C:\Users\HNC140923\AppData\Roaming\Code\User\globalStorage\redhat.java\1.56.0\config_win\org.eclipse.equinox.launcher\org.eclipse.equinox.launcher.win32.win32.x86_64_1.3.100.v20260804-1928;C:\Users\HNC140923\AppData\Local\Temp\jna--2001907478

VM Arguments:
jvm_args: --add-modules=ALL-SYSTEM --add-opens=java.base/java.util=ALL-UNNAMED --add-opens=java.base/java.lang=ALL-UNNAMED --add-opens=java.base/sun.nio.fs=ALL-UNNAMED -Declipse.application=org.eclipse.jdt.ls.core.id1 -Dosgi.bundles.defaultStartLevel=4 -Declipse.product=org.eclipse.jdt.ls.core.product -Djava.import.generatesMetadataFilesAtProjectRoot=false -Dm2e.project.cache.size=50 -DDetectVMInstallationsJob.disabled=true -Dfile.encoding=utf8 -XX:+UseParallelGC -XX:GCTimeRatio=4 -XX:AdaptiveSizePolicyWeight=90 -Dsun.zip.disableMemoryMapping=true -Xmx2G -Xms100m -Xlog:disable -javaagent:c:\Users\HNC140923\.vscode\extensions\redhat.java-1.56.0-win32-x64\lombok\lombok-1.18.39-4050.jar -XX:+HeapDumpOnOutOfMemoryError -XX:HeapDumpPath=c:\Users\HNC140923\AppData\Roaming\Code\User\workspaceStorage\21cd586050612c21c0e6934e6d9f83d8\redhat.java -Daether.dependencyCollector.impl=bf 
java_command: c:\Users\HNC140923\.vscode\extensions\redhat.java-1.56.0-win32-x64\server\plugins\org.eclipse.equinox.launcher_1.8.0.v20260804-1928.jar -configuration c:\Users\HNC140923\AppData\Roaming\Code\User\globalStorage\redhat.java\1.56.0\config_win -data c:\Users\HNC140923\AppData\Roaming\Code\User\workspaceStorage\21cd586050612c21c0e6934e6d9f83d8\redhat.java\jdt_ws --pipe=\\.\pipe\lsp-287d168d444027b678bda48b068a258a-sock
java_class_path (initial): c:\Users\HNC140923\.vscode\extensions\redhat.java-1.56.0-win32-x64\server\plugins\org.eclipse.equinox.launcher_1.8.0.v20260804-1928.jar
Launcher Type: SUN_STANDARD

[Global flags]
    uintx AdaptiveSizePolicyWeight                 = 90                                        {product} {command line}
     intx CICompilerCount                          = 3                                         {product} {ergonomic}
    uintx GCTimeRatio                              = 4                                         {product} {command line}
     bool HeapDumpOnOutOfMemoryError               = true                                   {manageable} {command line}
    ccstr HeapDumpPath                             = c:\Users\HNC140923\AppData\Roaming\Code\User\workspaceStorage\21cd586050612c21c0e6934e6d9f83d8\redhat.java         {manageable} {command line}
   size_t InitialHeapSize                          = 104857600                                 {product} {command line}
   size_t MaxHeapSize                              = 2147483648                                {product} {command line}
   size_t MaxNewSize                               = 715653120                                 {product} {ergonomic}
   size_t MinHeapDeltaBytes                        = 524288                                    {product} {ergonomic}
   size_t MinHeapSize                              = 104857600                                 {product} {command line}
   size_t NewSize                                  = 34603008                                  {product} {ergonomic}
    uintx NonNMethodCodeHeapSize                   = 5832780                                {pd product} {ergonomic}
    uintx NonProfiledCodeHeapSize                  = 122912730                              {pd product} {ergonomic}
   size_t OldSize                                  = 70254592                                  {product} {ergonomic}
    uintx ProfiledCodeHeapSize                     = 122912730                              {pd product} {ergonomic}
    uintx ReservedCodeCacheSize                    = 251658240                              {pd product} {ergonomic}
     bool SegmentedCodeCache                       = true                                      {product} {ergonomic}
   size_t SoftMaxHeapSize                          = 2147483648                             {manageable} {ergonomic}
     bool UseCompressedOops                        = true                           {product lp64_product} {ergonomic}
     bool UseLargePagesIndividualAllocation        = false                                  {pd product} {ergonomic}
     bool UseParallelGC                            = true                                      {product} {command line}

Logging:
Log output configuration:
 #0: stdout all=off uptime,level,tags foldmultilines=false
 #1: stderr all=off uptime,level,tags foldmultilines=false

Release file:
JAVA_VERSION="21.0.12.1" 
MODULES="java.base java.compiler java.datatransfer java.xml java.prefs java.desktop java.instrument java.logging java.management java.security.sasl java.naming java.rmi java.management.rmi java.net.http java.scripting java.security.jgss java.transaction.xa java.sql java.sql.rowset java.xml.crypto java.se java.smartcardio jdk.accessibility jdk.internal.jvmstat jdk.attach jdk.charsets jdk.internal.opt jdk.zipfs jdk.compiler jdk.crypto.ec jdk.crypto.cryptoki jdk.crypto.mscapi jdk.dynalink jdk.internal.ed jdk.editpad jdk.hotspot.agent jdk.httpserver jdk.internal.le jdk.internal.vm.ci jdk.internal.vm.compiler jdk.internal.vm.compiler.management jdk.jartool jdk.javadoc jdk.jcmd jdk.management jdk.management.agent jdk.jconsole jdk.jdeps jdk.jdwp.agent jdk.jdi jdk.jfr jdk.jshell jdk.jsobject jdk.jstatd jdk.localedata jdk.management.jfr jdk.naming.dns jdk.naming.rmi jdk.net jdk.nio.mapmode jdk.random jdk.sctp jdk.security.auth jdk.security.jgss jdk.unsupported jdk.unsupported.desktop jdk.xml.dom" 

Environment Variables:
JAVA_HOME=C:\Program Files\Eclipse Adoptium\jdk-21.0.12.101-hotspot\
PATH=C:\Program Files\Eclipse Adoptium\jdk-21.0.12.101-hotspot\bin;C:\Program Files\Common Files\Oracle\Java\javapath;C:\Program Files\Eclipse Adoptium\jdk-17.0.20.101-hotspot\bin;C:\WINDOWS\system32;C:\WINDOWS;C:\WINDOWS\System32\Wbem;C:\WINDOWS\System32\WindowsPowerShell\v1.0\;C:\WINDOWS\System32\OpenSSH\;C:\Program Files (x86)\Microsoft SQL Server\160\Tools\Binn\;C:\Program Files\Microsoft SQL Server\160\Tools\Binn\;C:\Program Files\Microsoft SQL Server\Client SDK\ODBC\170\Tools\Binn\;C:\Program Files\Microsoft SQL Server\160\DTS\Binn\;C:\Program Files (x86)\Microsoft SQL Server\160\DTS\Binn\;C:\Program Files\Microsoft SQL Server\170\Tools\Binn\;C:\Program Files\dotnet\;C:\Program Files (x86)\Windows Kits\10\Windows Performance Toolkit\;C:\Program Files\;C:\Program Files\Git\cmd;C:\Users\HNC140923\AppData\Local\Microsoft\WindowsApps;C:\Users\HNC140923\AppData\Local\Programs\Microsoft VS Code\bin;C:\Users\HNC140923\.dotnet\tools;C:\Users\HNC140923\AppData\Local\GitHubDesktop\bin;C:\Users\HNC140923\AppData\Roaming\npm
USERNAME=HNC140923
OS=Windows_NT
PROCESSOR_IDENTIFIER=Intel64 Family 6 Model 126 Stepping 5, GenuineIntel
TMP=C:\Users\HNC140~1\AppData\Local\Temp
TEMP=C:\Users\HNC140~1\AppData\Local\Temp




Periodic native trim disabled

---------------  S Y S T E M  ---------------

OS:
 Windows 11 , 64 bit Build 26100 (10.0.26100.9168)
OS uptime: 0 days 7:46 hours

CPU: total 4 (initial active 4) (2 cores per cpu, 2 threads per core) family 6 model 126 stepping 5 microcode 0xa6, cx8, cmov, fxsr, ht, mmx, 3dnowpref, sse, sse2, sse3, ssse3, sse4.1, sse4.2, popcnt, lzcnt, tsc, tscinvbit, avx, avx2, aes, erms, clmul, bmi1, bmi2, adx, avx512f, avx512dq, avx512cd, avx512bw, avx512vl, sha, fma, vzeroupper, avx512_vpopcntdq, avx512_vpclmulqdq, avx512_vaes, avx512_vnni, clflush, clflushopt, avx512_vbmi2, avx512_vbmi, rdtscp, rdpid, fsrm, gfni, avx512_bitalg, f16c, pku, avx512_ifma
Processor Information for the first 4 processors :
  Max Mhz: 1190, Current Mhz: 1190, Mhz Limit: 1190

Memory: 4k page, system-wide physical 3891M (39M free)
TotalPageFile size 15667M (AvailPageFile size 0M)
current process WorkingSet (physical memory assigned to process): 174M, peak: 174M
current process commit charge ("private bytes"): 285M, peak: 287M

vm_info: OpenJDK 64-Bit Server VM (21.0.12.1+1-LTS) for windows-amd64 JRE (21.0.12.1+1-LTS), built on 2026-08-18T00:00:00Z by "admin" with MS VC++ 17.12 (VS2022)

END.
