#
# There is insufficient memory for the Java Runtime Environment to continue.
# Native memory allocation (malloc) failed to allocate 1032608 bytes. Error detail: Chunk::new
# Possible reasons:
#   The system is out of physical RAM or swap space
#   This process is running with CompressedOops enabled, and the Java Heap may be blocking the growth of the native heap
# Possible solutions:
#   Reduce memory load on the system
#   Increase physical memory or swap space
#   Check if swap backing store is full
#   Decrease Java heap size (-Xmx/-Xms)
#   Decrease number of Java threads
#   Decrease Java thread stack sizes (-Xss)
#   Set larger code cache with -XX:ReservedCodeCacheSize=
#   JVM is running with Unscaled Compressed Oops mode in which the Java heap is
#     placed in the first 4GB address space. The Java Heap base address is the
#     maximum limit for the native heap growth. Please use -XX:HeapBaseMinAddress
#     to set the Java Heap base and to place the Java Heap above 4GB virtual address.
# This output file may be truncated or incomplete.
#
#  Out of Memory Error (arena.cpp:168), pid=11644, tid=14180
#
# JRE version: OpenJDK Runtime Environment Temurin-21.0.12.1+1 (21.0.12.1+1) (build 21.0.12.1+1-LTS)
# Java VM: OpenJDK 64-Bit Server VM Temurin-21.0.12.1+1 (21.0.12.1+1-LTS, mixed mode, sharing, tiered, compressed oops, compressed class ptrs, g1 gc, windows-amd64)
# No core dump will be written. Minidumps are not enabled by default on client versions of Windows
#

---------------  S U M M A R Y ------------

Command Line: --add-opens=java.base/java.lang=ALL-UNNAMED --add-opens=java.base/java.lang.invoke=ALL-UNNAMED --add-opens=java.base/java.util=ALL-UNNAMED --add-opens=java.prefs/java.util.prefs=ALL-UNNAMED --add-exports=jdk.compiler/com.sun.tools.javac.api=ALL-UNNAMED --add-exports=jdk.compiler/com.sun.tools.javac.util=ALL-UNNAMED --add-opens=java.base/java.util=ALL-UNNAMED --add-opens=java.prefs/java.util.prefs=ALL-UNNAMED --add-opens=java.base/java.nio.charset=ALL-UNNAMED --add-opens=java.base/java.net=ALL-UNNAMED --add-opens=java.base/java.util.concurrent.atomic=ALL-UNNAMED --add-opens=java.xml/javax.xml.namespace=ALL-UNNAMED -XX:MaxMetaspaceSize=512m -Xmx2048m -Dfile.encoding=UTF-8 -Duser.country=US -Duser.language=en -Duser.variant -javaagent:C:\Users\HNC140923\.gradle\wrapper\dists\gradle-8.14.3-all\10utluxaxniiv4wxiphsi49nj\gradle-8.14.3\lib\agents\gradle-instrumentation-agent-8.14.3.jar org.gradle.launcher.daemon.bootstrap.GradleDaemon 8.14.3

Host: Intel(R) Core(TM) i3-1005G1 CPU @ 1.20GHz, 4 cores, 3G,  Windows 11 , 64 bit Build 26100 (10.0.26100.9168)
Time: Fri Sep  4 19:02:58 2026 SE Asia Standard Time elapsed time: 69.530192 seconds (0d 0h 1m 9s)

---------------  T H R E A D  ---------------

Current thread (0x000002c2d0a614f0):  JavaThread "C2 CompilerThread0" daemon [_thread_in_native, id=14180, stack(0x000000c451100000,0x000000c451200000) (1024K)]


Current CompileTask:
C2:69530 10961       4       java.io.ObjectOutputStream::writeClassDesc (60 bytes)

Stack: [0x000000c451100000,0x000000c451200000]
Native frames: (J=compiled Java code, j=interpreted, Vv=VM code, C=native code)
V  [jvm.dll+0x6d83e9]
V  [jvm.dll+0x8b5736]
V  [jvm.dll+0x8b7cee]
V  [jvm.dll+0x8b83d3]
V  [jvm.dll+0x284596]
V  [jvm.dll+0xc685d]
V  [jvm.dll+0xc6da1]
V  [jvm.dll+0x3bf18b]
V  [jvm.dll+0x38b6d2]
V  [jvm.dll+0x38ab1a]
V  [jvm.dll+0x24c700]
V  [jvm.dll+0x24bce0]
V  [jvm.dll+0x1cb4ae]
V  [jvm.dll+0x25baad]
V  [jvm.dll+0x25a03a]
V  [jvm.dll+0x3f8aae]
V  [jvm.dll+0x8600cd]
V  [jvm.dll+0x6d6c1d]
C  [ucrtbase.dll+0x2cd30]
C  [KERNEL32.DLL+0x2ccb7]
C  [ntdll.dll+0xaad6c]


---------------  P R O C E S S  ---------------

Threads class SMR info:
_java_thread_list=0x000002c2f29a7930, length=47, elements={
0x000002c2b46a06e0, 0x000002c2d0a53900, 0x000002c2d0a590a0, 0x000002c2d0a5c830,
0x000002c2d0a5d290, 0x000002c2d0a5fd00, 0x000002c2d0a60760, 0x000002c2d0a614f0,
0x000002c2d0a68a10, 0x000002c2d0c3a150, 0x000002c2d0d4d620, 0x000002c2d0bc3170,
0x000002c2f106c270, 0x000002c2f10515a0, 0x000002c2f1655ee0, 0x000002c2f1656d60,
0x000002c2f16a20b0, 0x000002c2f0e13690, 0x000002c2f1615e20, 0x000002c2f1615100,
0x000002c2f1615790, 0x000002c2f1617860, 0x000002c2f1617ef0, 0x000002c2f1614a70,
0x000002c2f16171d0, 0x000002c2f2bbe8c0, 0x000002c2f2bc0990, 0x000002c2f2bc0300,
0x000002c2f2bbef50, 0x000002c2f2bc2a60, 0x000002c2f2bbf5e0, 0x000002c2f2bc51c0,
0x000002c2f2bc30f0, 0x000002c2f2bc1d40, 0x000002c2f2bc1020, 0x000002c2f2bc5850,
0x000002c2f2bc23d0, 0x000002c2f49a82c0, 0x000002c2f49a7c30, 0x000002c2f49a9670,
0x000002c2f49aaa20, 0x000002c2f49aa390, 0x000002c2f49a9d00, 0x000002c2f49ab740,
0x000002c2f49a8950, 0x000002c2f49abdd0, 0x000002c2f49ad810
}

Java Threads: ( => current thread )
  0x000002c2b46a06e0 JavaThread "main"                              [_thread_blocked, id=10068, stack(0x000000c450200000,0x000000c450300000) (1024K)]
  0x000002c2d0a53900 JavaThread "Reference Handler"          daemon [_thread_blocked, id=13968, stack(0x000000c450b00000,0x000000c450c00000) (1024K)]
  0x000002c2d0a590a0 JavaThread "Finalizer"                  daemon [_thread_blocked, id=12816, stack(0x000000c450c00000,0x000000c450d00000) (1024K)]
  0x000002c2d0a5c830 JavaThread "Signal Dispatcher"          daemon [_thread_blocked, id=2072, stack(0x000000c450d00000,0x000000c450e00000) (1024K)]
  0x000002c2d0a5d290 JavaThread "Attach Listener"            daemon [_thread_blocked, id=17440, stack(0x000000c450e00000,0x000000c450f00000) (1024K)]
  0x000002c2d0a5fd00 JavaThread "Service Thread"             daemon [_thread_blocked, id=1300, stack(0x000000c450f00000,0x000000c451000000) (1024K)]
  0x000002c2d0a60760 JavaThread "Monitor Deflation Thread"   daemon [_thread_blocked, id=16720, stack(0x000000c451000000,0x000000c451100000) (1024K)]
=>0x000002c2d0a614f0 JavaThread "C2 CompilerThread0"         daemon [_thread_in_native, id=14180, stack(0x000000c451100000,0x000000c451200000) (1024K)]
  0x000002c2d0a68a10 JavaThread "C1 CompilerThread0"         daemon [_thread_blocked, id=20540, stack(0x000000c451200000,0x000000c451300000) (1024K)]
  0x000002c2d0c3a150 JavaThread "Common-Cleaner"             daemon [_thread_blocked, id=17452, stack(0x000000c451300000,0x000000c451400000) (1024K)]
  0x000002c2d0d4d620 JavaThread "Notification Thread"        daemon [_thread_blocked, id=14824, stack(0x000000c451400000,0x000000c451500000) (1024K)]
  0x000002c2d0bc3170 JavaThread "Daemon health stats"               [_thread_blocked, id=6952, stack(0x000000c451800000,0x000000c451900000) (1024K)]
  0x000002c2f106c270 JavaThread "Incoming local TCP Connector on port 62633"        [_thread_in_native, id=21148, stack(0x000000c451900000,0x000000c451a00000) (1024K)]
  0x000002c2f10515a0 JavaThread "Daemon periodic checks"            [_thread_blocked, id=5396, stack(0x000000c451a00000,0x000000c451b00000) (1024K)]
  0x000002c2f1655ee0 JavaThread "Daemon"                            [_thread_blocked, id=20380, stack(0x000000c451b00000,0x000000c451c00000) (1024K)]
  0x000002c2f1656d60 JavaThread "Handler for socket connection from /127.0.0.1:62633 to /127.0.0.1:62635"        [_thread_in_native, id=15876, stack(0x000000c451c00000,0x000000c451d00000) (1024K)]
  0x000002c2f16a20b0 JavaThread "Cancel handler"                    [_thread_blocked, id=18180, stack(0x000000c451d00000,0x000000c451e00000) (1024K)]
  0x000002c2f0e13690 JavaThread "Daemon worker"                     [_thread_in_Java, id=17848, stack(0x000000c451e00000,0x000000c451f00000) (1024K)]
  0x000002c2f1615e20 JavaThread "Asynchronous log dispatcher for DefaultDaemonConnection: socket connection from /127.0.0.1:62633 to /127.0.0.1:62635"        [_thread_blocked, id=20332, stack(0x000000c451f00000,0x000000c452000000) (1024K)]
  0x000002c2f1615100 JavaThread "Stdin handler"                     [_thread_blocked, id=4660, stack(0x000000c452000000,0x000000c452100000) (1024K)]
  0x000002c2f1615790 JavaThread "Daemon client event forwarder"        [_thread_blocked, id=12304, stack(0x000000c452100000,0x000000c452200000) (1024K)]
  0x000002c2f1617860 JavaThread "Cache worker for journal cache (C:\Users\HNC140923\.gradle\caches\journal-1)"        [_thread_blocked, id=16568, stack(0x000000c452200000,0x000000c452300000) (1024K)]
  0x000002c2f1617ef0 JavaThread "File lock request listener"        [_thread_in_native, id=12348, stack(0x000000c452300000,0x000000c452400000) (1024K)]
  0x000002c2f1614a70 JavaThread "Cache worker for file hash cache (C:\Users\HNC140923\.gradle\caches\8.14.3\fileHashes)"        [_thread_blocked, id=18060, stack(0x000000c452400000,0x000000c452500000) (1024K)]
  0x000002c2f16171d0 JavaThread "Cache worker for file hash cache (D:\Do An\quanlythietbi\client\android\.gradle\8.14.3\fileHashes)"        [_thread_blocked, id=1804, stack(0x000000c452500000,0x000000c452600000) (1024K)]
  0x000002c2f2bbe8c0 JavaThread "Cache worker for Build Output Cleanup Cache (D:\Do An\quanlythietbi\client\android\.gradle\buildOutputCleanup)"        [_thread_blocked, id=19280, stack(0x000000c452600000,0x000000c452700000) (1024K)]
  0x000002c2f2bc0990 JavaThread "File lock release action executor"        [_thread_blocked, id=16848, stack(0x000000c452700000,0x000000c452800000) (1024K)]
  0x000002c2f2bc0300 JavaThread "File watcher server"        daemon [_thread_in_native, id=18704, stack(0x000000c452800000,0x000000c452900000) (1024K)]
  0x000002c2f2bbef50 JavaThread "File watcher consumer"      daemon [_thread_blocked, id=3268, stack(0x000000c452900000,0x000000c452a00000) (1024K)]
  0x000002c2f2bc2a60 JavaThread "jar transforms"                    [_thread_blocked, id=19872, stack(0x000000c450000000,0x000000c450100000) (1024K)]
  0x000002c2f2bbf5e0 JavaThread "jar transforms Thread 2"           [_thread_blocked, id=11940, stack(0x000000c452b00000,0x000000c452c00000) (1024K)]
  0x000002c2f2bc51c0 JavaThread "Cache worker for checksums cache (D:\Do An\quanlythietbi\client\android\.gradle\8.14.3\checksums)"        [_thread_blocked, id=1824, stack(0x000000c452a00000,0x000000c452b00000) (1024K)]
  0x000002c2f2bc30f0 JavaThread "Cache worker for file content cache (C:\Users\HNC140923\.gradle\caches\8.14.3\fileContent)"        [_thread_blocked, id=12628, stack(0x000000c452c00000,0x000000c452d00000) (1024K)]
  0x000002c2f2bc1d40 JavaThread "jar transforms Thread 3"           [_thread_blocked, id=15540, stack(0x000000c452d00000,0x000000c452e00000) (1024K)]
  0x000002c2f2bc1020 JavaThread "jar transforms Thread 4"           [_thread_blocked, id=4204, stack(0x000000c452e00000,0x000000c452f00000) (1024K)]
  0x000002c2f2bc5850 JavaThread "Cache worker for cache directory md-supplier (C:\Users\HNC140923\.gradle\caches\8.14.3\md-supplier)"        [_thread_blocked, id=17024, stack(0x000000c452f00000,0x000000c453000000) (1024K)]
  0x000002c2f2bc23d0 JavaThread "Cache worker for cache directory md-rule (C:\Users\HNC140923\.gradle\caches\8.14.3\md-rule)"        [_thread_blocked, id=17960, stack(0x000000c453000000,0x000000c453100000) (1024K)]
  0x000002c2f49a82c0 JavaThread "Unconstrained build operations"        [_thread_blocked, id=16400, stack(0x000000c453100000,0x000000c453200000) (1024K)]
  0x000002c2f49a7c30 JavaThread "Unconstrained build operations Thread 2"        [_thread_blocked, id=4472, stack(0x000000c453200000,0x000000c453300000) (1024K)]
  0x000002c2f49a9670 JavaThread "Unconstrained build operations Thread 3"        [_thread_blocked, id=19676, stack(0x000000c453300000,0x000000c453400000) (1024K)]
  0x000002c2f49aaa20 JavaThread "Unconstrained build operations Thread 4"        [_thread_blocked, id=13896, stack(0x000000c453400000,0x000000c453500000) (1024K)]
  0x000002c2f49aa390 JavaThread "Unconstrained build operations Thread 5"        [_thread_blocked, id=7028, stack(0x000000c453500000,0x000000c453600000) (1024K)]
  0x000002c2f49a9d00 JavaThread "Unconstrained build operations Thread 6"        [_thread_blocked, id=15076, stack(0x000000c453600000,0x000000c453700000) (1024K)]
  0x000002c2f49ab740 JavaThread "Unconstrained build operations Thread 7"        [_thread_blocked, id=10164, stack(0x000000c453700000,0x000000c453800000) (1024K)]
  0x000002c2f49a8950 JavaThread "Unconstrained build operations Thread 8"        [_thread_blocked, id=6312, stack(0x000000c453800000,0x000000c453900000) (1024K)]
  0x000002c2f49abdd0 JavaThread "Unconstrained build operations Thread 9"        [_thread_blocked, id=3540, stack(0x000000c453900000,0x000000c453a00000) (1024K)]
  0x000002c2f49ad810 JavaThread "Memory manager"                    [_thread_blocked, id=6868, stack(0x000000c450100000,0x000000c450200000) (1024K)]
Total: 47

Other Threads:
  0x000002c2d0a357e0 VMThread "VM Thread"                           [id=19044, stack(0x000000c450a00000,0x000000c450b00000) (1024K)]
  0x000002c2d0a23ed0 WatcherThread "VM Periodic Task Thread"        [id=16444, stack(0x000000c450900000,0x000000c450a00000) (1024K)]
  0x000002c2b46f7fd0 WorkerThread "GC Thread#0"                     [id=18588, stack(0x000000c450400000,0x000000c450500000) (1024K)]
  0x000002c2d0e7e430 WorkerThread "GC Thread#1"                     [id=10132, stack(0x000000c451500000,0x000000c451600000) (1024K)]
  0x000002c2d0d71b80 WorkerThread "GC Thread#2"                     [id=3968, stack(0x000000c451600000,0x000000c451700000) (1024K)]
  0x000002c2f00d5460 WorkerThread "GC Thread#3"                     [id=14820, stack(0x000000c451700000,0x000000c451800000) (1024K)]
  0x000002c2b4708ed0 ConcurrentGCThread "G1 Main Marker"            [id=3176, stack(0x000000c450500000,0x000000c450600000) (1024K)]
  0x000002c2b470a770 WorkerThread "G1 Conc#0"                       [id=5216, stack(0x000000c450600000,0x000000c450700000) (1024K)]
  0x000002c2d09010a0 ConcurrentGCThread "G1 Refine#0"               [id=19980, stack(0x000000c450700000,0x000000c450800000) (1024K)]
  0x000002c2d0901b30 ConcurrentGCThread "G1 Service"                [id=8924, stack(0x000000c450800000,0x000000c450900000) (1024K)]
Total: 10

Threads with active compile tasks:
C2 CompilerThread0  69587 10961       4       java.io.ObjectOutputStream::writeClassDesc (60 bytes)
Total: 1

VM state: not at safepoint (normal execution)

VM Mutex/Monitor currently owned by a thread: None

Heap address: 0x0000000080000000, size: 2048 MB, Compressed Oops mode: 32-bit

CDS archive(s) mapped at: [0x000002c2d1000000-0x000002c2d1c80000-0x000002c2d1c80000), size 13107200, SharedBaseAddress: 0x000002c2d1000000, ArchiveRelocationMode: 1.
Compressed class space mapped at: 0x000002c2d2000000-0x000002c2ec000000, reserved size: 436207616
Narrow klass base: 0x000002c2d1000000, Narrow klass shift: 0, Narrow klass range: 0x100000000

GC Precious Log:
 CardTable entry size: 512
 Card Set container configuration: InlinePtr #cards 5 size 8 Array Of Cards #cards 12 size 40 Howl #buckets 4 coarsen threshold 1843 Howl Bitmap #cards 512 size 80 coarsen threshold 460 Card regions per heap region 1 cards per card region 2048
 CPUs: 4 total, 4 available
 Memory: 3891M
 Large Page Support: Disabled
 NUMA Support: Disabled
 Compressed Oops: Enabled (32-bit)
 Heap Region Size: 1M
 Heap Min Capacity: 8M
 Heap Initial Capacity: 62M
 Heap Max Capacity: 2G
 Pre-touch: Disabled
 Parallel Workers: 4
 Concurrent Workers: 1
 Concurrent Refinement Workers: 4
 Periodic GC: Disabled

Heap:
 garbage-first heap   total 132096K, used 110345K [0x0000000080000000, 0x0000000100000000)
  region size 1024K, 34 young (34816K), 5 survivors (5120K)
 Metaspace       used 75867K, committed 78016K, reserved 557056K
  class space    used 10595K, committed 11648K, reserved 425984K

Heap Regions: E=young(eden), S=young(survivor), O=old, HS=humongous(starts), HC=humongous(continues), CS=collection set, F=free, TAMS=top-at-mark-start, PB=parsable bottom
|   0|0x0000000080000000, 0x0000000080100000, 0x0000000080100000|100%|HS|  |TAMS 0x0000000080000000| PB 0x0000000080000000| Complete 
|   1|0x0000000080100000, 0x0000000080200000, 0x0000000080200000|100%|HC|  |TAMS 0x0000000080100000| PB 0x0000000080100000| Complete 
|   2|0x0000000080200000, 0x0000000080300000, 0x0000000080300000|100%|HC|  |TAMS 0x0000000080200000| PB 0x0000000080200000| Complete 
|   3|0x0000000080300000, 0x0000000080400000, 0x0000000080400000|100%| O|  |TAMS 0x0000000080300000| PB 0x0000000080300000| Untracked 
|   4|0x0000000080400000, 0x0000000080500000, 0x0000000080500000|100%| O|Cm|TAMS 0x0000000080400000| PB 0x0000000080400000| Complete 
|   5|0x0000000080500000, 0x0000000080600000, 0x0000000080600000|100%| O|  |TAMS 0x0000000080500000| PB 0x0000000080500000| Untracked 
|   6|0x0000000080600000, 0x0000000080700000, 0x0000000080700000|100%| O|  |TAMS 0x0000000080600000| PB 0x0000000080600000| Untracked 
|   7|0x0000000080700000, 0x0000000080800000, 0x0000000080800000|100%| O|  |TAMS 0x0000000080700000| PB 0x0000000080700000| Untracked 
|   8|0x0000000080800000, 0x0000000080900000, 0x0000000080900000|100%|HS|  |TAMS 0x0000000080800000| PB 0x0000000080800000| Complete 
|   9|0x0000000080900000, 0x0000000080a00000, 0x0000000080a00000|100%| O|  |TAMS 0x0000000080900000| PB 0x0000000080900000| Untracked 
|  10|0x0000000080a00000, 0x0000000080b00000, 0x0000000080b00000|100%| O|  |TAMS 0x0000000080a00000| PB 0x0000000080a00000| Untracked 
|  11|0x0000000080b00000, 0x0000000080c00000, 0x0000000080c00000|100%| O|  |TAMS 0x0000000080b00000| PB 0x0000000080b00000| Untracked 
|  12|0x0000000080c00000, 0x0000000080d00000, 0x0000000080d00000|100%| O|  |TAMS 0x0000000080c00000| PB 0x0000000080c00000| Untracked 
|  13|0x0000000080d00000, 0x0000000080e00000, 0x0000000080e00000|100%| O|  |TAMS 0x0000000080d00000| PB 0x0000000080d00000| Untracked 
|  14|0x0000000080e00000, 0x0000000080f00000, 0x0000000080f00000|100%| O|  |TAMS 0x0000000080e00000| PB 0x0000000080e00000| Untracked 
|  15|0x0000000080f00000, 0x0000000081000000, 0x0000000081000000|100%| O|  |TAMS 0x0000000080f00000| PB 0x0000000080f00000| Untracked 
|  16|0x0000000081000000, 0x0000000081100000, 0x0000000081100000|100%| O|  |TAMS 0x0000000081000000| PB 0x0000000081000000| Untracked 
|  17|0x0000000081100000, 0x0000000081200000, 0x0000000081200000|100%| O|  |TAMS 0x0000000081100000| PB 0x0000000081100000| Untracked 
|  18|0x0000000081200000, 0x0000000081300000, 0x0000000081300000|100%| O|  |TAMS 0x0000000081200000| PB 0x0000000081200000| Untracked 
|  19|0x0000000081300000, 0x0000000081400000, 0x0000000081400000|100%| O|  |TAMS 0x0000000081300000| PB 0x0000000081300000| Untracked 
|  20|0x0000000081400000, 0x0000000081500000, 0x0000000081500000|100%| O|  |TAMS 0x0000000081400000| PB 0x0000000081400000| Untracked 
|  21|0x0000000081500000, 0x0000000081600000, 0x0000000081600000|100%| O|  |TAMS 0x0000000081500000| PB 0x0000000081500000| Untracked 
|  22|0x0000000081600000, 0x0000000081700000, 0x0000000081700000|100%| O|  |TAMS 0x0000000081600000| PB 0x0000000081600000| Untracked 
|  23|0x0000000081700000, 0x0000000081800000, 0x0000000081800000|100%| O|  |TAMS 0x0000000081700000| PB 0x0000000081700000| Untracked 
|  24|0x0000000081800000, 0x0000000081900000, 0x0000000081900000|100%| O|  |TAMS 0x0000000081800000| PB 0x0000000081800000| Untracked 
|  25|0x0000000081900000, 0x0000000081a00000, 0x0000000081a00000|100%| O|  |TAMS 0x0000000081900000| PB 0x0000000081900000| Untracked 
|  26|0x0000000081a00000, 0x0000000081b00000, 0x0000000081b00000|100%| O|  |TAMS 0x0000000081a00000| PB 0x0000000081a00000| Untracked 
|  27|0x0000000081b00000, 0x0000000081c00000, 0x0000000081c00000|100%| O|  |TAMS 0x0000000081b00000| PB 0x0000000081b00000| Untracked 
|  28|0x0000000081c00000, 0x0000000081d00000, 0x0000000081d00000|100%| O|  |TAMS 0x0000000081c00000| PB 0x0000000081c00000| Untracked 
|  29|0x0000000081d00000, 0x0000000081e00000, 0x0000000081e00000|100%| O|  |TAMS 0x0000000081d00000| PB 0x0000000081d00000| Untracked 
|  30|0x0000000081e00000, 0x0000000081f00000, 0x0000000081f00000|100%| O|  |TAMS 0x0000000081e00000| PB 0x0000000081e00000| Untracked 
|  31|0x0000000081f00000, 0x0000000082000000, 0x0000000082000000|100%| O|  |TAMS 0x0000000081f00000| PB 0x0000000081f00000| Untracked 
|  32|0x0000000082000000, 0x0000000082100000, 0x0000000082100000|100%| O|  |TAMS 0x0000000082000000| PB 0x0000000082000000| Untracked 
|  33|0x0000000082100000, 0x0000000082200000, 0x0000000082200000|100%| O|  |TAMS 0x0000000082100000| PB 0x0000000082100000| Untracked 
|  34|0x0000000082200000, 0x0000000082300000, 0x0000000082300000|100%| O|Cm|TAMS 0x0000000082200000| PB 0x0000000082200000| Complete 
|  35|0x0000000082300000, 0x0000000082400000, 0x0000000082400000|100%| O|  |TAMS 0x0000000082300000| PB 0x0000000082300000| Untracked 
|  36|0x0000000082400000, 0x0000000082500000, 0x0000000082500000|100%| O|  |TAMS 0x0000000082400000| PB 0x0000000082400000| Untracked 
|  37|0x0000000082500000, 0x0000000082600000, 0x0000000082600000|100%| O|  |TAMS 0x0000000082500000| PB 0x0000000082500000| Untracked 
|  38|0x0000000082600000, 0x0000000082700000, 0x0000000082700000|100%| O|  |TAMS 0x0000000082600000| PB 0x0000000082600000| Untracked 
|  39|0x0000000082700000, 0x0000000082800000, 0x0000000082800000|100%| O|  |TAMS 0x0000000082700000| PB 0x0000000082700000| Untracked 
|  40|0x0000000082800000, 0x0000000082900000, 0x0000000082900000|100%| O|  |TAMS 0x0000000082800000| PB 0x0000000082800000| Untracked 
|  41|0x0000000082900000, 0x0000000082a00000, 0x0000000082a00000|100%| O|  |TAMS 0x0000000082900000| PB 0x0000000082900000| Untracked 
|  42|0x0000000082a00000, 0x0000000082b00000, 0x0000000082b00000|100%| O|  |TAMS 0x0000000082a00000| PB 0x0000000082a00000| Untracked 
|  43|0x0000000082b00000, 0x0000000082c00000, 0x0000000082c00000|100%| O|  |TAMS 0x0000000082b00000| PB 0x0000000082b00000| Untracked 
|  44|0x0000000082c00000, 0x0000000082d00000, 0x0000000082d00000|100%| O|  |TAMS 0x0000000082c00000| PB 0x0000000082c00000| Untracked 
|  45|0x0000000082d00000, 0x0000000082e00000, 0x0000000082e00000|100%| O|  |TAMS 0x0000000082d00000| PB 0x0000000082d00000| Untracked 
|  46|0x0000000082e00000, 0x0000000082f00000, 0x0000000082f00000|100%| O|  |TAMS 0x0000000082e00000| PB 0x0000000082e00000| Untracked 
|  47|0x0000000082f00000, 0x0000000083000000, 0x0000000083000000|100%|HS|  |TAMS 0x0000000082f00000| PB 0x0000000082f00000| Complete 
|  48|0x0000000083000000, 0x0000000083100000, 0x0000000083100000|100%|HS|  |TAMS 0x0000000083000000| PB 0x0000000083000000| Complete 
|  49|0x0000000083100000, 0x0000000083200000, 0x0000000083200000|100%| O|  |TAMS 0x0000000083100000| PB 0x0000000083100000| Untracked 
|  50|0x0000000083200000, 0x0000000083300000, 0x0000000083300000|100%|HS|  |TAMS 0x0000000083200000| PB 0x0000000083200000| Complete 
|  51|0x0000000083300000, 0x0000000083400000, 0x0000000083400000|100%|HS|  |TAMS 0x0000000083300000| PB 0x0000000083300000| Complete 
|  52|0x0000000083400000, 0x0000000083500000, 0x0000000083500000|100%| O|  |TAMS 0x0000000083400000| PB 0x0000000083400000| Untracked 
|  53|0x0000000083500000, 0x0000000083600000, 0x0000000083600000|100%| O|  |TAMS 0x0000000083500000| PB 0x0000000083500000| Untracked 
|  54|0x0000000083600000, 0x0000000083700000, 0x0000000083700000|100%|HS|  |TAMS 0x0000000083600000| PB 0x0000000083600000| Complete 
|  55|0x0000000083700000, 0x0000000083800000, 0x0000000083800000|100%|HS|  |TAMS 0x0000000083700000| PB 0x0000000083700000| Complete 
|  56|0x0000000083800000, 0x0000000083900000, 0x0000000083900000|100%| O|  |TAMS 0x0000000083800000| PB 0x0000000083800000| Untracked 
|  57|0x0000000083900000, 0x0000000083a00000, 0x0000000083a00000|100%| O|  |TAMS 0x0000000083900000| PB 0x0000000083900000| Untracked 
|  58|0x0000000083a00000, 0x0000000083b00000, 0x0000000083b00000|100%| O|  |TAMS 0x0000000083a00000| PB 0x0000000083a00000| Untracked 
|  59|0x0000000083b00000, 0x0000000083c00000, 0x0000000083c00000|100%| O|  |TAMS 0x0000000083b00000| PB 0x0000000083b00000| Untracked 
|  60|0x0000000083c00000, 0x0000000083d00000, 0x0000000083d00000|100%| O|  |TAMS 0x0000000083c00000| PB 0x0000000083c00000| Untracked 
|  61|0x0000000083d00000, 0x0000000083e00000, 0x0000000083e00000|100%| O|  |TAMS 0x0000000083d00000| PB 0x0000000083d00000| Untracked 
|  62|0x0000000083e00000, 0x0000000083f00000, 0x0000000083f00000|100%| O|  |TAMS 0x0000000083e00000| PB 0x0000000083e00000| Untracked 
|  63|0x0000000083f00000, 0x0000000084000000, 0x0000000084000000|100%| O|  |TAMS 0x0000000083f00000| PB 0x0000000083f00000| Untracked 
|  64|0x0000000084000000, 0x0000000084100000, 0x0000000084100000|100%| O|  |TAMS 0x0000000084000000| PB 0x0000000084000000| Untracked 
|  65|0x0000000084100000, 0x0000000084200000, 0x0000000084200000|100%| O|  |TAMS 0x0000000084100000| PB 0x0000000084100000| Untracked 
|  66|0x0000000084200000, 0x0000000084300000, 0x0000000084300000|100%|HS|  |TAMS 0x0000000084200000| PB 0x0000000084200000| Complete 
|  67|0x0000000084300000, 0x00000000843c2790, 0x0000000084400000| 75%| O|  |TAMS 0x0000000084300000| PB 0x0000000084300000| Untracked 
|  68|0x0000000084400000, 0x0000000084400000, 0x0000000084500000|  0%| F|  |TAMS 0x0000000084400000| PB 0x0000000084400000| Untracked 
|  69|0x0000000084500000, 0x0000000084500000, 0x0000000084600000|  0%| F|  |TAMS 0x0000000084500000| PB 0x0000000084500000| Untracked 
|  70|0x0000000084600000, 0x0000000084700000, 0x0000000084700000|100%| O|  |TAMS 0x0000000084600000| PB 0x0000000084600000| Untracked 
|  71|0x0000000084700000, 0x0000000084800000, 0x0000000084800000|100%| O|  |TAMS 0x0000000084700000| PB 0x0000000084700000| Untracked 
|  72|0x0000000084800000, 0x0000000084800000, 0x0000000084900000|  0%| F|  |TAMS 0x0000000084800000| PB 0x0000000084800000| Untracked 
|  73|0x0000000084900000, 0x0000000084900000, 0x0000000084a00000|  0%| F|  |TAMS 0x0000000084900000| PB 0x0000000084900000| Untracked 
|  74|0x0000000084a00000, 0x0000000084a00000, 0x0000000084b00000|  0%| F|  |TAMS 0x0000000084a00000| PB 0x0000000084a00000| Untracked 
|  75|0x0000000084b00000, 0x0000000084b00000, 0x0000000084c00000|  0%| F|  |TAMS 0x0000000084b00000| PB 0x0000000084b00000| Untracked 
|  76|0x0000000084c00000, 0x0000000084c00000, 0x0000000084d00000|  0%| F|  |TAMS 0x0000000084c00000| PB 0x0000000084c00000| Untracked 
|  77|0x0000000084d00000, 0x0000000084d00000, 0x0000000084e00000|  0%| F|  |TAMS 0x0000000084d00000| PB 0x0000000084d00000| Untracked 
|  78|0x0000000084e00000, 0x0000000084e00000, 0x0000000084f00000|  0%| F|  |TAMS 0x0000000084e00000| PB 0x0000000084e00000| Untracked 
|  79|0x0000000084f00000, 0x0000000084f00000, 0x0000000085000000|  0%| F|  |TAMS 0x0000000084f00000| PB 0x0000000084f00000| Untracked 
|  80|0x0000000085000000, 0x0000000085000000, 0x0000000085100000|  0%| F|  |TAMS 0x0000000085000000| PB 0x0000000085000000| Untracked 
|  81|0x0000000085100000, 0x0000000085100000, 0x0000000085200000|  0%| F|  |TAMS 0x0000000085100000| PB 0x0000000085100000| Untracked 
|  82|0x0000000085200000, 0x0000000085200000, 0x0000000085300000|  0%| F|  |TAMS 0x0000000085200000| PB 0x0000000085200000| Untracked 
|  83|0x0000000085300000, 0x0000000085300000, 0x0000000085400000|  0%| F|  |TAMS 0x0000000085300000| PB 0x0000000085300000| Untracked 
|  84|0x0000000085400000, 0x0000000085400000, 0x0000000085500000|  0%| F|  |TAMS 0x0000000085400000| PB 0x0000000085400000| Untracked 
|  85|0x0000000085500000, 0x0000000085500000, 0x0000000085600000|  0%| F|  |TAMS 0x0000000085500000| PB 0x0000000085500000| Untracked 
|  86|0x0000000085600000, 0x0000000085600000, 0x0000000085700000|  0%| F|  |TAMS 0x0000000085600000| PB 0x0000000085600000| Untracked 
|  87|0x0000000085700000, 0x0000000085700000, 0x0000000085800000|  0%| F|  |TAMS 0x0000000085700000| PB 0x0000000085700000| Untracked 
|  88|0x0000000085800000, 0x0000000085900000, 0x0000000085900000|100%| S|CS|TAMS 0x0000000085800000| PB 0x0000000085800000| Complete 
|  89|0x0000000085900000, 0x0000000085a00000, 0x0000000085a00000|100%| S|CS|TAMS 0x0000000085900000| PB 0x0000000085900000| Complete 
|  90|0x0000000085a00000, 0x0000000085b00000, 0x0000000085b00000|100%| S|CS|TAMS 0x0000000085a00000| PB 0x0000000085a00000| Complete 
|  91|0x0000000085b00000, 0x0000000085c00000, 0x0000000085c00000|100%| S|CS|TAMS 0x0000000085b00000| PB 0x0000000085b00000| Complete 
|  92|0x0000000085c00000, 0x0000000085d00000, 0x0000000085d00000|100%| S|CS|TAMS 0x0000000085c00000| PB 0x0000000085c00000| Complete 
|  93|0x0000000085d00000, 0x0000000085d00000, 0x0000000085e00000|  0%| F|  |TAMS 0x0000000085d00000| PB 0x0000000085d00000| Untracked 
|  94|0x0000000085e00000, 0x0000000085e00000, 0x0000000085f00000|  0%| F|  |TAMS 0x0000000085e00000| PB 0x0000000085e00000| Untracked 
|  95|0x0000000085f00000, 0x0000000086000000, 0x0000000086000000|100%| E|  |TAMS 0x0000000085f00000| PB 0x0000000085f00000| Complete 
|  96|0x0000000086000000, 0x0000000086100000, 0x0000000086100000|100%| E|CS|TAMS 0x0000000086000000| PB 0x0000000086000000| Complete 
|  97|0x0000000086100000, 0x0000000086200000, 0x0000000086200000|100%| E|CS|TAMS 0x0000000086100000| PB 0x0000000086100000| Complete 
|  98|0x0000000086200000, 0x0000000086300000, 0x0000000086300000|100%| E|CS|TAMS 0x0000000086200000| PB 0x0000000086200000| Complete 
|  99|0x0000000086300000, 0x0000000086400000, 0x0000000086400000|100%| E|CS|TAMS 0x0000000086300000| PB 0x0000000086300000| Complete 
| 100|0x0000000086400000, 0x0000000086500000, 0x0000000086500000|100%| E|CS|TAMS 0x0000000086400000| PB 0x0000000086400000| Complete 
| 101|0x0000000086500000, 0x0000000086600000, 0x0000000086600000|100%| E|CS|TAMS 0x0000000086500000| PB 0x0000000086500000| Complete 
| 102|0x0000000086600000, 0x0000000086700000, 0x0000000086700000|100%| E|CS|TAMS 0x0000000086600000| PB 0x0000000086600000| Complete 
| 103|0x0000000086700000, 0x0000000086800000, 0x0000000086800000|100%| E|CS|TAMS 0x0000000086700000| PB 0x0000000086700000| Complete 
| 104|0x0000000086800000, 0x0000000086900000, 0x0000000086900000|100%| E|CS|TAMS 0x0000000086800000| PB 0x0000000086800000| Complete 
| 105|0x0000000086900000, 0x0000000086a00000, 0x0000000086a00000|100%| E|CS|TAMS 0x0000000086900000| PB 0x0000000086900000| Complete 
| 106|0x0000000086a00000, 0x0000000086b00000, 0x0000000086b00000|100%| E|CS|TAMS 0x0000000086a00000| PB 0x0000000086a00000| Complete 
| 107|0x0000000086b00000, 0x0000000086c00000, 0x0000000086c00000|100%| E|CS|TAMS 0x0000000086b00000| PB 0x0000000086b00000| Complete 
| 108|0x0000000086c00000, 0x0000000086d00000, 0x0000000086d00000|100%| E|CS|TAMS 0x0000000086c00000| PB 0x0000000086c00000| Complete 
| 109|0x0000000086d00000, 0x0000000086e00000, 0x0000000086e00000|100%| E|CS|TAMS 0x0000000086d00000| PB 0x0000000086d00000| Complete 
| 110|0x0000000086e00000, 0x0000000086f00000, 0x0000000086f00000|100%| E|CS|TAMS 0x0000000086e00000| PB 0x0000000086e00000| Complete 
| 111|0x0000000086f00000, 0x0000000087000000, 0x0000000087000000|100%| E|CS|TAMS 0x0000000086f00000| PB 0x0000000086f00000| Complete 
| 112|0x0000000087000000, 0x0000000087100000, 0x0000000087100000|100%| E|CS|TAMS 0x0000000087000000| PB 0x0000000087000000| Complete 
| 113|0x0000000087100000, 0x0000000087200000, 0x0000000087200000|100%| E|CS|TAMS 0x0000000087100000| PB 0x0000000087100000| Complete 
| 114|0x0000000087200000, 0x0000000087300000, 0x0000000087300000|100%| E|CS|TAMS 0x0000000087200000| PB 0x0000000087200000| Complete 
| 115|0x0000000087300000, 0x0000000087400000, 0x0000000087400000|100%| E|CS|TAMS 0x0000000087300000| PB 0x0000000087300000| Complete 
| 116|0x0000000087400000, 0x0000000087500000, 0x0000000087500000|100%| E|CS|TAMS 0x0000000087400000| PB 0x0000000087400000| Complete 
| 117|0x0000000087500000, 0x0000000087600000, 0x0000000087600000|100%| E|CS|TAMS 0x0000000087500000| PB 0x0000000087500000| Complete 
| 118|0x0000000087600000, 0x0000000087700000, 0x0000000087700000|100%| E|CS|TAMS 0x0000000087600000| PB 0x0000000087600000| Complete 
| 119|0x0000000087700000, 0x0000000087800000, 0x0000000087800000|100%| E|CS|TAMS 0x0000000087700000| PB 0x0000000087700000| Complete 
| 120|0x0000000087800000, 0x0000000087900000, 0x0000000087900000|100%| E|CS|TAMS 0x0000000087800000| PB 0x0000000087800000| Complete 
|2040|0x00000000ff800000, 0x00000000ff900000, 0x00000000ff900000|100%| E|CS|TAMS 0x00000000ff800000| PB 0x00000000ff800000| Complete 
|2041|0x00000000ff900000, 0x00000000ffa00000, 0x00000000ffa00000|100%| O|  |TAMS 0x00000000ff900000| PB 0x00000000ff900000| Untracked 
|2042|0x00000000ffa00000, 0x00000000ffb00000, 0x00000000ffb00000|100%| E|CS|TAMS 0x00000000ffa00000| PB 0x00000000ffa00000| Complete 
|2043|0x00000000ffb00000, 0x00000000ffc00000, 0x00000000ffc00000|100%| O|  |TAMS 0x00000000ffb00000| PB 0x00000000ffb00000| Untracked 
|2044|0x00000000ffc00000, 0x00000000ffd00000, 0x00000000ffd00000|100%| O|  |TAMS 0x00000000ffc00000| PB 0x00000000ffc00000| Untracked 
|2045|0x00000000ffd00000, 0x00000000ffe00000, 0x00000000ffe00000|100%| O|  |TAMS 0x00000000ffd00000| PB 0x00000000ffd00000| Untracked 
|2046|0x00000000ffe00000, 0x00000000fff00000, 0x00000000fff00000|100%| E|CS|TAMS 0x00000000ffe00000| PB 0x00000000ffe00000| Complete 
|2047|0x00000000fff00000, 0x0000000100000000, 0x0000000100000000|100%| O|  |TAMS 0x00000000fff00000| PB 0x00000000fff00000| Untracked 

Card table byte_map: [0x000002c2cc1c0000,0x000002c2cc5c0000] _byte_map_base: 0x000002c2cbdc0000

Marking Bits: (CMBitMap*) 0x000002c2b46f85f0
 Bits: [0x000002c2cc5c0000, 0x000002c2ce5c0000)

Polling page: 0x000002c2b2640000

Metaspace:

Usage:
  Non-class:     63.76 MB used.
      Class:     10.35 MB used.
       Both:     74.11 MB used.

Virtual space:
  Non-class space:      128.00 MB reserved,      64.81 MB ( 51%) committed,  2 nodes.
      Class space:      416.00 MB reserved,      11.38 MB (  3%) committed,  1 nodes.
             Both:      544.00 MB reserved,      76.19 MB ( 14%) committed. 

Chunk freelists:
   Non-Class:  14.62 MB
       Class:  4.59 MB
        Both:  19.22 MB

MaxMetaspaceSize: 512.00 MB
CompressedClassSpaceSize: 416.00 MB
Initial GC threshold: 21.00 MB
Current GC threshold: 122.31 MB
CDS: on
 - commit_granule_bytes: 65536.
 - commit_granule_words: 8192.
 - virtual_space_node_default_size: 8388608.
 - enlarge_chunks_in_place: 1.
 - use_allocation_guard: 0.


Internal statistics:

num_allocs_failed_limit: 6.
num_arena_births: 3710.
num_arena_deaths: 2.
num_vsnodes_births: 3.
num_vsnodes_deaths: 0.
num_space_committed: 1219.
num_space_uncommitted: 0.
num_chunks_returned_to_freelist: 12.
num_chunks_taken_from_freelist: 7338.
num_chunk_merges: 6.
num_chunk_splits: 4722.
num_chunks_enlarged: 2906.
num_inconsistent_stats: 0.

CodeHeap 'non-profiled nmethods': size=120000Kb used=5751Kb max_used=5751Kb free=114248Kb
 bounds [0x000002c2c4890000, 0x000002c2c4e30000, 0x000002c2cbdc0000]
CodeHeap 'profiled nmethods': size=120000Kb used=17204Kb max_used=17204Kb free=102795Kb
 bounds [0x000002c2bcdc0000, 0x000002c2bde90000, 0x000002c2c42f0000]
CodeHeap 'non-nmethods': size=5760Kb used=2888Kb max_used=2924Kb free=2871Kb
 bounds [0x000002c2c42f0000, 0x000002c2c45e0000, 0x000002c2c4890000]
CodeCache: size=245760Kb, used=25843Kb, max_used=25879Kb, free=219914Kb
 total_blobs=10154, nmethods=9224, adapters=834, full_count=0
Compilation: enabled, stopped_count=0, restarted_count=0

Compilation events (20 events):
Event: 69.430 Thread 0x000002c2d0a68a10 10962       3       org.gradle.internal.logging.slf4j.OutputEventListenerBackedLogger::isLevelAtMost (20 bytes)
Event: 69.430 Thread 0x000002c2d0a68a10 nmethod 10962 0x000002c2bde81e10 code [0x000002c2bde81fe0, 0x000002c2bde822f8]
Event: 69.431 Thread 0x000002c2d0a68a10 10964       3       org.gradle.api.internal.collections.AbstractIterationOrderRetainingElementSource$Element::getValues (16 bytes)
Event: 69.431 Thread 0x000002c2d0a68a10 nmethod 10964 0x000002c2bde82490 code [0x000002c2bde82640, 0x000002c2bde827d8]
Event: 69.452 Thread 0x000002c2d0a68a10 10966       3       org.gradle.internal.instantiation.generator.AbstractClassGenerator$AbstractInjectedPropertyHandler::getInjectedServices (59 bytes)
Event: 69.453 Thread 0x000002c2d0a68a10 nmethod 10966 0x000002c2bde82890 code [0x000002c2bde82b60, 0x000002c2bde83a80]
Event: 69.453 Thread 0x000002c2d0a68a10 10967       3       org.gradle.internal.instantiation.generator.AbstractClassGenerator$GeneratedClassImpl::<init> (128 bytes)
Event: 69.457 Thread 0x000002c2d0a68a10 nmethod 10967 0x000002c2bde83f90 code [0x000002c2bde84420, 0x000002c2bde86900]
Event: 69.493 Thread 0x000002c2d0a68a10 10968       3       org.gradle.api.internal.DefaultNamedDomainObjectCollection::findByNameWithoutRules (11 bytes)
Event: 69.494 Thread 0x000002c2d0a68a10 nmethod 10968 0x000002c2bde87610 code [0x000002c2bde877c0, 0x000002c2bde87998]
Event: 69.496 Thread 0x000002c2d0a68a10 10969       1       org.gradle.internal.typeconversion.TypeInfo::getTargetType (5 bytes)
Event: 69.496 Thread 0x000002c2d0a68a10 nmethod 10969 0x000002c2c4e2d990 code [0x000002c2c4e2db20, 0x000002c2c4e2dbe8]
Event: 69.505 Thread 0x000002c2d0a68a10 10970       3       org.gradle.api.internal.DefaultNamedDomainObjectCollection::findByName (61 bytes)
Event: 69.506 Thread 0x000002c2d0a68a10 nmethod 10970 0x000002c2bde87a90 code [0x000002c2bde87d00, 0x000002c2bde88720]
Event: 69.508 Thread 0x000002c2d0a68a10 10971       3       org.apache.commons.lang.StringUtils::containsAny (128 bytes)
Event: 69.513 Thread 0x000002c2d0a68a10 nmethod 10971 0x000002c2bde88a10 code [0x000002c2bde88d20, 0x000002c2bde89f80]
Event: 69.515 Thread 0x000002c2d0a68a10 10973       3       org.gradle.api.internal.artifacts.configurations.DefaultConfiguration::notifyChildren (40 bytes)
Event: 69.516 Thread 0x000002c2d0a68a10 nmethod 10973 0x000002c2bde8a690 code [0x000002c2bde8a8a0, 0x000002c2bde8ae80]
Event: 69.516 Thread 0x000002c2d0a68a10 10972       3       org.gradle.api.internal.artifacts.configurations.DefaultConfiguration::maybePreventMutation (110 bytes)
Event: 69.517 Thread 0x000002c2d0a68a10 nmethod 10972 0x000002c2bde8b010 code [0x000002c2bde8b380, 0x000002c2bde8cab0]

GC Heap History (20 events):
Event: 57.523 GC heap before
{Heap before GC invocations=32 (full 0):
 garbage-first heap   total 89088K, used 74633K [0x0000000080000000, 0x0000000100000000)
  region size 1024K, 25 young (25600K), 2 survivors (2048K)
 Metaspace       used 58395K, committed 60160K, reserved 491520K
  class space    used 8281K, committed 9152K, reserved 425984K
}
Event: 57.527 GC heap after
{Heap after GC invocations=33 (full 0):
 garbage-first heap   total 89088K, used 52749K [0x0000000080000000, 0x0000000100000000)
  region size 1024K, 3 young (3072K), 3 survivors (3072K)
 Metaspace       used 58395K, committed 60160K, reserved 491520K
  class space    used 8281K, committed 9152K, reserved 425984K
}
Event: 58.551 GC heap before
{Heap before GC invocations=33 (full 0):
 garbage-first heap   total 89088K, used 86541K [0x0000000080000000, 0x0000000100000000)
  region size 1024K, 32 young (32768K), 3 survivors (3072K)
 Metaspace       used 58948K, committed 60736K, reserved 491520K
  class space    used 8375K, committed 9280K, reserved 425984K
}
Event: 58.561 GC heap after
{Heap after GC invocations=34 (full 0):
 garbage-first heap   total 98304K, used 62061K [0x0000000080000000, 0x0000000100000000)
  region size 1024K, 4 young (4096K), 4 survivors (4096K)
 Metaspace       used 58948K, committed 60736K, reserved 491520K
  class space    used 8375K, committed 9280K, reserved 425984K
}
Event: 58.858 GC heap before
{Heap before GC invocations=34 (full 0):
 garbage-first heap   total 98304K, used 69229K [0x0000000080000000, 0x0000000100000000)
  region size 1024K, 12 young (12288K), 4 survivors (4096K)
 Metaspace       used 59250K, committed 61120K, reserved 491520K
  class space    used 8423K, committed 9344K, reserved 425984K
}
Event: 58.865 GC heap after
{Heap after GC invocations=35 (full 0):
 garbage-first heap   total 98304K, used 63488K [0x0000000080000000, 0x0000000100000000)
  region size 1024K, 1 young (1024K), 1 survivors (1024K)
 Metaspace       used 59250K, committed 61120K, reserved 491520K
  class space    used 8423K, committed 9344K, reserved 425984K
}
Event: 59.711 GC heap before
{Heap before GC invocations=36 (full 0):
 garbage-first heap   total 107520K, used 89088K [0x0000000080000000, 0x0000000100000000)
  region size 1024K, 25 young (25600K), 1 survivors (1024K)
 Metaspace       used 61221K, committed 63040K, reserved 491520K
  class space    used 8656K, committed 9536K, reserved 425984K
}
Event: 59.715 GC heap after
{Heap after GC invocations=37 (full 0):
 garbage-first heap   total 107520K, used 67206K [0x0000000080000000, 0x0000000100000000)
  region size 1024K, 3 young (3072K), 3 survivors (3072K)
 Metaspace       used 61221K, committed 63040K, reserved 491520K
  class space    used 8656K, committed 9536K, reserved 425984K
}
Event: 60.714 GC heap before
{Heap before GC invocations=37 (full 0):
 garbage-first heap   total 107520K, used 94854K [0x0000000080000000, 0x0000000100000000)
  region size 1024K, 31 young (31744K), 3 survivors (3072K)
 Metaspace       used 64381K, committed 66240K, reserved 491520K
  class space    used 9021K, committed 9920K, reserved 425984K
}
Event: 60.721 GC heap after
{Heap after GC invocations=38 (full 0):
 garbage-first heap   total 107520K, used 67560K [0x0000000080000000, 0x0000000100000000)
  region size 1024K, 3 young (3072K), 3 survivors (3072K)
 Metaspace       used 64381K, committed 66240K, reserved 491520K
  class space    used 9021K, committed 9920K, reserved 425984K
}
Event: 62.467 GC heap before
{Heap before GC invocations=38 (full 0):
 garbage-first heap   total 107520K, used 97256K [0x0000000080000000, 0x0000000100000000)
  region size 1024K, 32 young (32768K), 3 survivors (3072K)
 Metaspace       used 67722K, committed 69760K, reserved 491520K
  class space    used 9498K, committed 10496K, reserved 425984K
}
Event: 62.474 GC heap after
{Heap after GC invocations=39 (full 0):
 garbage-first heap   total 107520K, used 70292K [0x0000000080000000, 0x0000000100000000)
  region size 1024K, 4 young (4096K), 4 survivors (4096K)
 Metaspace       used 67722K, committed 69760K, reserved 491520K
  class space    used 9498K, committed 10496K, reserved 425984K
}
Event: 63.453 GC heap before
{Heap before GC invocations=40 (full 0):
 garbage-first heap   total 119808K, used 103060K [0x0000000080000000, 0x0000000100000000)
  region size 1024K, 31 young (31744K), 4 survivors (4096K)
 Metaspace       used 69364K, committed 71360K, reserved 491520K
  class space    used 9713K, committed 10688K, reserved 425984K
}
Event: 63.461 GC heap after
{Heap after GC invocations=41 (full 0):
 garbage-first heap   total 119808K, used 74556K [0x0000000080000000, 0x0000000100000000)
  region size 1024K, 4 young (4096K), 4 survivors (4096K)
 Metaspace       used 69364K, committed 71360K, reserved 491520K
  class space    used 9713K, committed 10688K, reserved 425984K
}
Event: 65.303 GC heap before
{Heap before GC invocations=41 (full 0):
 garbage-first heap   total 119808K, used 106300K [0x0000000080000000, 0x0000000100000000)
  region size 1024K, 36 young (36864K), 4 survivors (4096K)
 Metaspace       used 71897K, committed 73920K, reserved 491520K
  class space    used 10040K, committed 11072K, reserved 425984K
}
Event: 65.314 GC heap after
{Heap after GC invocations=42 (full 0):
 garbage-first heap   total 119808K, used 75776K [0x0000000080000000, 0x0000000100000000)
  region size 1024K, 2 young (2048K), 2 survivors (2048K)
 Metaspace       used 71897K, committed 73920K, reserved 491520K
  class space    used 10040K, committed 11072K, reserved 425984K
}
Event: 66.897 GC heap before
{Heap before GC invocations=42 (full 0):
 garbage-first heap   total 119808K, used 108544K [0x0000000080000000, 0x0000000100000000)
  region size 1024K, 34 young (34816K), 2 survivors (2048K)
 Metaspace       used 73024K, committed 75072K, reserved 491520K
  class space    used 10194K, committed 11200K, reserved 425984K
}
Event: 66.905 GC heap after
{Heap after GC invocations=43 (full 0):
 garbage-first heap   total 119808K, used 78248K [0x0000000080000000, 0x0000000100000000)
  region size 1024K, 5 young (5120K), 5 survivors (5120K)
 Metaspace       used 73024K, committed 75072K, reserved 491520K
  class space    used 10194K, committed 11200K, reserved 425984K
}
Event: 68.362 GC heap before
{Heap before GC invocations=44 (full 0):
 garbage-first heap   total 132096K, used 109992K [0x0000000080000000, 0x0000000100000000)
  region size 1024K, 36 young (36864K), 5 survivors (5120K)
 Metaspace       used 73546K, committed 75648K, reserved 491520K
  class space    used 10272K, committed 11328K, reserved 425984K
}
Event: 68.371 GC heap after
{Heap after GC invocations=45 (full 0):
 garbage-first heap   total 132096K, used 81673K [0x0000000080000000, 0x0000000100000000)
  region size 1024K, 5 young (5120K), 5 survivors (5120K)
 Metaspace       used 73546K, committed 75648K, reserved 491520K
  class space    used 10272K, committed 11328K, reserved 425984K
}

Dll operation events (20 events):
Event: 0.339 Attempting to load shared library C:\Program Files\Eclipse Adoptium\jdk-21.0.12.101-hotspot\bin\nio.dll
Event: 0.340 Loaded shared library C:\Program Files\Eclipse Adoptium\jdk-21.0.12.101-hotspot\bin\nio.dll
Event: 0.345 Attempting to load shared library C:\Program Files\Eclipse Adoptium\jdk-21.0.12.101-hotspot\bin\zip.dll
Event: 0.345 Loaded shared library C:\Program Files\Eclipse Adoptium\jdk-21.0.12.101-hotspot\bin\zip.dll
Event: 1.974 Attempting to load shared library C:\Program Files\Eclipse Adoptium\jdk-21.0.12.101-hotspot\bin\jimage.dll
Event: 1.974 Loaded shared library C:\Program Files\Eclipse Adoptium\jdk-21.0.12.101-hotspot\bin\jimage.dll
Event: 2.535 Attempting to load shared library C:\Program Files\Eclipse Adoptium\jdk-21.0.12.101-hotspot\bin\verify.dll
Event: 2.536 Loaded shared library C:\Program Files\Eclipse Adoptium\jdk-21.0.12.101-hotspot\bin\verify.dll
Event: 2.718 Attempting to load shared library C:\Users\HNC140923\.gradle\native\1def1411415f61bf3af743bc5b6707747c0891f09f0c88961ee8f79bc544acac\windows-amd64\native-platform.dll
Event: 2.719 Loaded shared library C:\Users\HNC140923\.gradle\native\1def1411415f61bf3af743bc5b6707747c0891f09f0c88961ee8f79bc544acac\windows-amd64\native-platform.dll
Event: 2.790 Attempting to load shared library C:\Users\HNC140923\.gradle\native\0.2.7\x86_64-windows-gnu\gradle-fileevents.dll
Event: 2.791 Loaded shared library C:\Users\HNC140923\.gradle\native\0.2.7\x86_64-windows-gnu\gradle-fileevents.dll
Event: 13.328 Attempting to load shared library C:\Program Files\Eclipse Adoptium\jdk-21.0.12.101-hotspot\bin\management.dll
Event: 13.329 Loaded shared library C:\Program Files\Eclipse Adoptium\jdk-21.0.12.101-hotspot\bin\management.dll
Event: 13.335 Attempting to load shared library C:\Program Files\Eclipse Adoptium\jdk-21.0.12.101-hotspot\bin\management_ext.dll
Event: 13.341 Loaded shared library C:\Program Files\Eclipse Adoptium\jdk-21.0.12.101-hotspot\bin\management_ext.dll
Event: 14.191 Attempting to load shared library C:\Program Files\Eclipse Adoptium\jdk-21.0.12.101-hotspot\bin\extnet.dll
Event: 14.193 Loaded shared library C:\Program Files\Eclipse Adoptium\jdk-21.0.12.101-hotspot\bin\extnet.dll
Event: 15.277 Attempting to load shared library C:\Program Files\Eclipse Adoptium\jdk-21.0.12.101-hotspot\bin\sunmscapi.dll
Event: 15.294 Loaded shared library C:\Program Files\Eclipse Adoptium\jdk-21.0.12.101-hotspot\bin\sunmscapi.dll

Deoptimization events (20 events):
Event: 67.396 Thread 0x000002c2f0e13690 Uncommon trap: trap_request=0xffffff45 fr.pc=0x000002c2c4d41ef8 relative=0x0000000000000418
Event: 67.396 Thread 0x000002c2f0e13690 Uncommon trap: reason=unstable_if action=reinterpret pc=0x000002c2c4d41ef8 method=org.codehaus.groovy.runtime.metaclass.MetaMethodIndex.isOverridden(Lgroovy/lang/MetaMethod;Lgroovy/lang/MetaMethod;)Z @ 52 c2
Event: 67.396 Thread 0x000002c2f0e13690 DEOPT PACKING pc=0x000002c2c4d41ef8 sp=0x000000c451ef5150
Event: 67.396 Thread 0x000002c2f0e13690 DEOPT UNPACKING pc=0x000002c2c4347ba2 sp=0x000000c451ef50f0 mode 2
Event: 68.238 Thread 0x000002c2f0e13690 DEOPT PACKING pc=0x000002c2bd38bce1 sp=0x000000c451ef6ac0
Event: 68.239 Thread 0x000002c2f0e13690 DEOPT UNPACKING pc=0x000002c2c43486e2 sp=0x000000c451ef5fd0 mode 0
Event: 68.301 Thread 0x000002c2f0e13690 Uncommon trap: trap_request=0xffffffc6 fr.pc=0x000002c2c49718dc relative=0x000000000000043c
Event: 68.301 Thread 0x000002c2f0e13690 Uncommon trap: reason=bimorphic_or_optimized_type_check action=maybe_recompile pc=0x000002c2c49718dc method=com.google.common.cache.LocalCache$Segment.getEntry(Ljava/lang/Object;I)Lcom/google/common/cache/ReferenceEntry; @ 24 c2
Event: 68.301 Thread 0x000002c2f0e13690 DEOPT PACKING pc=0x000002c2c49718dc sp=0x000000c451ef74f0
Event: 68.301 Thread 0x000002c2f0e13690 DEOPT UNPACKING pc=0x000002c2c4347ba2 sp=0x000000c451ef7488 mode 2
Event: 68.310 Thread 0x000002c2f0e13690 Uncommon trap: trap_request=0xffffffc6 fr.pc=0x000002c2c49718dc relative=0x000000000000043c
Event: 68.310 Thread 0x000002c2f0e13690 Uncommon trap: reason=bimorphic_or_optimized_type_check action=maybe_recompile pc=0x000002c2c49718dc method=com.google.common.cache.LocalCache$Segment.getEntry(Ljava/lang/Object;I)Lcom/google/common/cache/ReferenceEntry; @ 24 c2
Event: 68.310 Thread 0x000002c2f0e13690 DEOPT PACKING pc=0x000002c2c49718dc sp=0x000000c451ef6b80
Event: 68.310 Thread 0x000002c2f0e13690 DEOPT UNPACKING pc=0x000002c2c4347ba2 sp=0x000000c451ef6b18 mode 2
Event: 68.387 Thread 0x000002c2f0e13690 Uncommon trap: trap_request=0xffffff45 fr.pc=0x000002c2c4cc87a4 relative=0x0000000000000084
Event: 68.387 Thread 0x000002c2f0e13690 Uncommon trap: reason=unstable_if action=reinterpret pc=0x000002c2c4cc87a4 method=org.gradle.internal.logging.slf4j.OutputEventListenerBackedLogger.isLevelAtMost(Lorg/gradle/api/logging/LogLevel;)Z @ 11 c2
Event: 68.387 Thread 0x000002c2f0e13690 DEOPT PACKING pc=0x000002c2c4cc87a4 sp=0x000000c451ef86e0
Event: 68.387 Thread 0x000002c2f0e13690 DEOPT UNPACKING pc=0x000002c2c4347ba2 sp=0x000000c451ef8680 mode 2
Event: 69.448 Thread 0x000002c2f0e13690 DEOPT PACKING pc=0x000002c2bda9c8b0 sp=0x000000c451ef73f0
Event: 69.449 Thread 0x000002c2f0e13690 DEOPT UNPACKING pc=0x000002c2c43486e2 sp=0x000000c451ef6910 mode 0

Classes loaded (20 events):
Event: 63.428 Loading class java/lang/foreign/ValueLayout
Event: 63.428 Loading class java/lang/foreign/MemoryLayout
Event: 63.429 Loading class java/lang/foreign/MemoryLayout done
Event: 63.429 Loading class java/lang/foreign/ValueLayout done
Event: 64.646 Loading class java/security/KeyStore
Event: 64.647 Loading class java/security/KeyStore done
Event: 65.340 Loading class javax/xml/stream/XMLStreamException
Event: 65.341 Loading class javax/xml/stream/XMLStreamException done
Event: 66.857 Loading class java/beans/IntrospectionException
Event: 66.857 Loading class java/beans/IntrospectionException done
Event: 68.000 Loading class java/lang/EnumBeanInfo
Event: 68.000 Loading class java/lang/EnumBeanInfo done
Event: 68.001 Loading class java/lang/EnumBeanInfo
Event: 68.001 Loading class java/lang/EnumBeanInfo done
Event: 68.001 Loading class java/lang/EnumCustomizer
Event: 68.001 Loading class java/lang/EnumCustomizer done
Event: 68.001 Loading class java/lang/EnumCustomizer
Event: 68.001 Loading class java/lang/EnumCustomizer done
Event: 68.265 Loading class java/io/LineNumberReader
Event: 68.266 Loading class java/io/LineNumberReader done

Classes unloaded (5 events):
Event: 46.636 Thread 0x000002c2d0a357e0 Unloading class 0x000002c2d25d0000 '_BuildScript_$_run_closure1$_closure2'
Event: 46.636 Thread 0x000002c2d0a357e0 Unloading class 0x000002c2d25c8ab0 '_BuildScript_$_run_closure1'
Event: 46.636 Thread 0x000002c2d0a357e0 Unloading class 0x000002c2d25c8578 '_BuildScript_'
Event: 46.636 Thread 0x000002c2d0a357e0 Unloading class 0x000002c2d25c82b8 'GradleAnnotationProcessorPatchPlugin$AnnotationProcessorModelBuilder'
Event: 46.636 Thread 0x000002c2d0a357e0 Unloading class 0x000002c2d25c8000 'GradleAnnotationProcessorPatchPlugin'

Classes redefined (0 events):
No events

Internal exceptions (20 events):
Event: 68.051 Thread 0x000002c2f0e13690 Exception <a 'java/lang/ClassNotFoundException'{0x0000000086175a70}: com/android/build/gradle/internal/CompileOptions$AgpDecorated_DecoratedCustomizer> (0x0000000086175a70) 
thrown [s\src\hotspot\share\classfile\systemDictionary.cpp, line 313]
Event: 68.147 Thread 0x000002c2f0e13690 Exception <a 'java/lang/ClassNotFoundException'{0x000000008608a4c0}: cordova_variables_ap4n9i36f2x9gp76r6t8i96m6BeanInfo> (0x000000008608a4c0) 
thrown [s\src\hotspot\share\classfile\systemDictionary.cpp, line 313]
Event: 68.150 Thread 0x000002c2f0e13690 Exception <a 'java/lang/ClassNotFoundException'{0x00000000860925b8}: cordova_variables_ap4n9i36f2x9gp76r6t8i96m6Customizer> (0x00000000860925b8) 
thrown [s\src\hotspot\share\classfile\systemDictionary.cpp, line 313]
Event: 68.202 Thread 0x000002c2f0e13690 Exception <a 'java/lang/ClassNotFoundException'{0x0000000085f02358}: org/gradle/plugin/software/internal/SoftwareFeaturesDynamicObject_DecoratedBeanInfo> (0x0000000085f02358) 
thrown [s\src\hotspot\share\classfile\systemDictionary.cpp, line 313]
Event: 68.203 Thread 0x000002c2f0e13690 Exception <a 'java/lang/ClassNotFoundException'{0x0000000085f17648}: org/gradle/plugin/software/internal/SoftwareFeaturesDynamicObjectBeanInfo> (0x0000000085f17648) 
thrown [s\src\hotspot\share\classfile\systemDictionary.cpp, line 313]
Event: 68.207 Thread 0x000002c2f0e13690 Exception <a 'java/lang/ClassNotFoundException'{0x0000000085f2c740}: org/gradle/internal/metaobject/AbstractDynamicObjectBeanInfo> (0x0000000085f2c740) 
thrown [s\src\hotspot\share\classfile\systemDictionary.cpp, line 313]
Event: 68.208 Thread 0x000002c2f0e13690 Exception <a 'java/lang/ClassNotFoundException'{0x0000000085f41878}: org/gradle/internal/metaobject/AbstractDynamicObjectCustomizer> (0x0000000085f41878) 
thrown [s\src\hotspot\share\classfile\systemDictionary.cpp, line 313]
Event: 68.211 Thread 0x000002c2f0e13690 Exception <a 'java/lang/ClassNotFoundException'{0x0000000085f63570}: org/gradle/plugin/software/internal/SoftwareFeaturesDynamicObjectCustomizer> (0x0000000085f63570) 
thrown [s\src\hotspot\share\classfile\systemDictionary.cpp, line 313]
Event: 68.216 Thread 0x000002c2f0e13690 Exception <a 'java/lang/ClassNotFoundException'{0x0000000085f7f728}: org/gradle/plugin/software/internal/SoftwareFeaturesDynamicObject_DecoratedCustomizer> (0x0000000085f7f728) 
thrown [s\src\hotspot\share\classfile\systemDictionary.cpp, line 313]
Event: 68.272 Thread 0x000002c2f0e13690 Exception <a 'java/io/FileNotFoundException'{0x0000000085e061a8}> (0x0000000085e061a8) 
thrown [s\src\hotspot\share\prims\jni.cpp, line 520]
Event: 68.283 Thread 0x000002c2f0e13690 Exception <a 'java/lang/ClassNotFoundException'{0x0000000085e52910}: org/gradle/internal/logging/slf4j/OutputEventListenerBackedLoggerBeanInfo> (0x0000000085e52910) 
thrown [s\src\hotspot\share\classfile\systemDictionary.cpp, line 313]
Event: 68.284 Thread 0x000002c2f0e13690 Exception <a 'java/lang/ClassNotFoundException'{0x0000000085e64140}: org/gradle/internal/logging/slf4j/BuildOperationAwareLoggerBeanInfo> (0x0000000085e64140) 
thrown [s\src\hotspot\share\classfile\systemDictionary.cpp, line 313]
Event: 68.285 Thread 0x000002c2f0e13690 Exception <a 'java/lang/ClassNotFoundException'{0x0000000085e75940}: org/gradle/internal/logging/slf4j/BuildOperationAwareLoggerCustomizer> (0x0000000085e75940) 
thrown [s\src\hotspot\share\classfile\systemDictionary.cpp, line 313]
Event: 68.289 Thread 0x000002c2f0e13690 Exception <a 'java/lang/ClassNotFoundException'{0x0000000085eb8a88}: org/gradle/internal/logging/slf4j/OutputEventListenerBackedLoggerCustomizer> (0x0000000085eb8a88) 
thrown [s\src\hotspot\share\classfile\systemDictionary.cpp, line 313]
Event: 68.821 Thread 0x000002c2f0e13690 Exception <a 'java/lang/NoClassDefFoundError'{0x00000000873bc7a8}: org/jetbrains/kotlin/gradle/plugin/KotlinBasePluginWrapper> (0x00000000873bc7a8) 
thrown [s\src\hotspot\share\classfile\systemDictionary.cpp, line 302]
Event: 69.180 Thread 0x000002c2f0e13690 Exception <a 'java/lang/NoSuchMethodError'{0x0000000086ba52e8}: 'java.lang.Object java.lang.invoke.DirectMethodHandle$Holder.newInvokeSpecial(java.lang.Object, java.lang.Object, java.lang.Object, java.lang.Object, java.lang.Object, java.lang.Object, java.lang.Object, java.lang.Object, java.lang.Object, java.lang.Object, java.lang.Object, java.lang.Object, java.lang.Object, java.lang.Object)'> (0x0000000086ba52e8) 
thrown [s\src\hotspot\share\interpreter\linkResolver.cpp, line 773]
Event: 69.339 Thread 0x000002c2f0e13690 Exception <a 'java/lang/NoClassDefFoundError'{0x00000000867a1440}: org/jetbrains/kotlin/gradle/plugin/KotlinBasePluginWrapper> (0x00000000867a1440) 
thrown [s\src\hotspot\share\oops\constantPool.cpp, line 873]
Event: 69.432 Thread 0x000002c2f0e13690 Exception <a 'java/lang/NoClassDefFoundError'{0x00000000864cd478}: org/jetbrains/kotlin/gradle/plugin/KotlinBasePluginWrapper> (0x00000000864cd478) 
thrown [s\src\hotspot\share\oops\constantPool.cpp, line 873]
Event: 69.498 Thread 0x000002c2f0e13690 Exception <a 'java/lang/NoClassDefFoundError'{0x00000000862cddd0}: org/jetbrains/kotlin/gradle/plugin/KotlinBasePluginWrapper> (0x00000000862cddd0) 
thrown [s\src\hotspot\share\oops\constantPool.cpp, line 873]
Event: 69.516 Thread 0x000002c2f0e13690 Exception <a 'java/lang/NoClassDefFoundError'{0x00000000862edf00}: org/jetbrains/kotlin/gradle/plugin/KotlinBasePluginWrapper> (0x00000000862edf00) 
thrown [s\src\hotspot\share\oops\constantPool.cpp, line 873]

ZGC Phase Switch (0 events):
No events

VM Operations (20 events):
Event: 66.897 Executing safepoint VM operation: G1CollectForAllocation (G1 Evacuation Pause)
Event: 66.905 Executing safepoint VM operation: G1CollectForAllocation (G1 Evacuation Pause) done
Event: 67.047 Executing safepoint VM operation: G1PauseRemark
Event: 67.059 Executing safepoint VM operation: G1PauseRemark done
Event: 67.118 Executing safepoint VM operation: G1PauseCleanup
Event: 67.119 Executing safepoint VM operation: G1PauseCleanup done
Event: 68.122 Executing safepoint VM operation: Cleanup
Event: 68.122 Executing safepoint VM operation: Cleanup done
Event: 68.254 Executing non-safepoint VM operation: HandshakeAllThreads (Deoptimize)
Event: 68.254 Executing non-safepoint VM operation: HandshakeAllThreads (Deoptimize) done
Event: 68.260 Executing non-safepoint VM operation: HandshakeAllThreads (Deoptimize)
Event: 68.260 Executing non-safepoint VM operation: HandshakeAllThreads (Deoptimize) done
Event: 68.269 Executing non-safepoint VM operation: HandshakeAllThreads (Deoptimize)
Event: 68.269 Executing non-safepoint VM operation: HandshakeAllThreads (Deoptimize) done
Event: 68.362 Executing safepoint VM operation: G1CollectForAllocation (G1 Evacuation Pause)
Event: 68.371 Executing safepoint VM operation: G1CollectForAllocation (G1 Evacuation Pause) done
Event: 68.421 Executing non-safepoint VM operation: HandshakeAllThreads (Deoptimize)
Event: 68.421 Executing non-safepoint VM operation: HandshakeAllThreads (Deoptimize) done
Event: 69.428 Executing safepoint VM operation: Cleanup
Event: 69.429 Executing safepoint VM operation: Cleanup done

Memory protections (0 events):
No events

Nmethod flushes (20 events):
Event: 67.057 Thread 0x000002c2d0a357e0 flushing  nmethod 0x000002c2c4d03690
Event: 67.057 Thread 0x000002c2d0a357e0 flushing  nmethod 0x000002c2c4d5b190
Event: 67.057 Thread 0x000002c2d0a357e0 flushing  nmethod 0x000002c2bce80710
Event: 67.057 Thread 0x000002c2d0a357e0 flushing  nmethod 0x000002c2bcea7910
Event: 67.057 Thread 0x000002c2d0a357e0 flushing  nmethod 0x000002c2bcf5b710
Event: 67.057 Thread 0x000002c2d0a357e0 flushing  nmethod 0x000002c2bd0ebc90
Event: 67.057 Thread 0x000002c2d0a357e0 flushing  nmethod 0x000002c2bd18b490
Event: 67.057 Thread 0x000002c2d0a357e0 flushing  nmethod 0x000002c2bd18be10
Event: 67.057 Thread 0x000002c2d0a357e0 flushing  nmethod 0x000002c2bd225210
Event: 67.057 Thread 0x000002c2d0a357e0 flushing  nmethod 0x000002c2bd225590
Event: 67.057 Thread 0x000002c2d0a357e0 flushing  nmethod 0x000002c2bd37c490
Event: 67.057 Thread 0x000002c2d0a357e0 flushing  nmethod 0x000002c2bd416a10
Event: 67.057 Thread 0x000002c2d0a357e0 flushing  nmethod 0x000002c2bd423d10
Event: 67.057 Thread 0x000002c2d0a357e0 flushing  nmethod 0x000002c2bd75c110
Event: 67.057 Thread 0x000002c2d0a357e0 flushing  nmethod 0x000002c2bd75d910
Event: 67.057 Thread 0x000002c2d0a357e0 flushing  nmethod 0x000002c2bd84a490
Event: 67.057 Thread 0x000002c2d0a357e0 flushing  nmethod 0x000002c2bd899510
Event: 67.057 Thread 0x000002c2d0a357e0 flushing  nmethod 0x000002c2bd899990
Event: 67.057 Thread 0x000002c2d0a357e0 flushing  nmethod 0x000002c2bd899f10
Event: 67.057 Thread 0x000002c2d0a357e0 flushing  nmethod 0x000002c2bda6c610

Events (20 events):
Event: 35.902 Thread 0x000002c2f0afd890 Thread exited: 0x000002c2f0afd890
Event: 38.074 Thread 0x000002c2d0a68a10 Thread added: 0x000002c2f0b09ce0
Event: 38.167 Thread 0x000002c2f0e13690 Thread added: 0x000002c2f2bbf5e0
Event: 38.481 Thread 0x000002c2f0b09ce0 Thread exited: 0x000002c2f0b09ce0
Event: 38.748 Thread 0x000002c2f0e13690 Thread added: 0x000002c2f2bc51c0
Event: 38.897 Thread 0x000002c2f0e13690 Thread added: 0x000002c2f2bc30f0
Event: 40.084 Thread 0x000002c2f0e13690 Thread added: 0x000002c2f2bc1d40
Event: 40.119 Thread 0x000002c2f0e13690 Thread added: 0x000002c2f2bc1020
Event: 41.185 Thread 0x000002c2f0e13690 Thread added: 0x000002c2f2bc5850
Event: 41.294 Thread 0x000002c2f0e13690 Thread added: 0x000002c2f2bc23d0
Event: 53.462 Thread 0x000002c2f0e13690 Thread added: 0x000002c2f49a82c0
Event: 53.462 Thread 0x000002c2f0e13690 Thread added: 0x000002c2f49a7c30
Event: 53.463 Thread 0x000002c2f0e13690 Thread added: 0x000002c2f49a9670
Event: 54.207 Thread 0x000002c2f0e13690 Thread added: 0x000002c2f49aaa20
Event: 54.214 Thread 0x000002c2f0e13690 Thread added: 0x000002c2f49aa390
Event: 54.221 Thread 0x000002c2f0e13690 Thread added: 0x000002c2f49a9d00
Event: 55.768 Thread 0x000002c2f0e13690 Thread added: 0x000002c2f49ab740
Event: 55.770 Thread 0x000002c2f0e13690 Thread added: 0x000002c2f49a8950
Event: 55.773 Thread 0x000002c2f0e13690 Thread added: 0x000002c2f49abdd0
Event: 61.656 Thread 0x000002c2f0e13690 Thread added: 0x000002c2f49ad810


Dynamic libraries:
0x00007ff6178c0000 - 0x00007ff6178ce000 	C:\Program Files\Eclipse Adoptium\jdk-21.0.12.101-hotspot\bin\java.exe
0x00007ffe74ca0000 - 0x00007ffe74f06000 	C:\WINDOWS\SYSTEM32\ntdll.dll
0x00007ffe73910000 - 0x00007ffe739d9000 	C:\WINDOWS\System32\KERNEL32.DLL
0x00007ffe71f70000 - 0x00007ffe7236f000 	C:\WINDOWS\System32\KERNELBASE.dll
0x00007ffe72380000 - 0x00007ffe724cc000 	C:\WINDOWS\System32\ucrtbase.dll
0x00007ffe68f80000 - 0x00007ffe68f98000 	C:\Program Files\Eclipse Adoptium\jdk-21.0.12.101-hotspot\bin\jli.dll
0x00007ffe72a80000 - 0x00007ffe72c46000 	C:\WINDOWS\System32\USER32.dll
0x00007ffe724e0000 - 0x00007ffe72507000 	C:\WINDOWS\System32\win32u.dll
0x00007ffe729d0000 - 0x00007ffe729fb000 	C:\WINDOWS\System32\GDI32.dll
0x00007ffe728a0000 - 0x00007ffe729c9000 	C:\WINDOWS\System32\gdi32full.dll
0x00007ffe727f0000 - 0x00007ffe72893000 	C:\WINDOWS\System32\msvcp_win.dll
0x00007ffe5e8b0000 - 0x00007ffe5eb41000 	C:\WINDOWS\WinSxS\amd64_microsoft.windows.common-controls_6595b64144ccf1df_6.0.26100.8972_none_3e0da176e32f9d4b\COMCTL32.dll
0x00007ffe63670000 - 0x00007ffe6368e000 	C:\Program Files\Eclipse Adoptium\jdk-21.0.12.101-hotspot\bin\VCRUNTIME140.dll
0x00007ffe73b20000 - 0x00007ffe73bc9000 	C:\WINDOWS\System32\msvcrt.dll
0x00007ffe74bd0000 - 0x00007ffe74c02000 	C:\WINDOWS\System32\IMM32.DLL
0x00007ffe65300000 - 0x00007ffe6530c000 	C:\Program Files\Eclipse Adoptium\jdk-21.0.12.101-hotspot\bin\vcruntime140_1.dll
0x00007ffde1260000 - 0x00007ffde12ed000 	C:\Program Files\Eclipse Adoptium\jdk-21.0.12.101-hotspot\bin\msvcp140.dll
0x00007ffd8d6b0000 - 0x00007ffd8e452000 	C:\Program Files\Eclipse Adoptium\jdk-21.0.12.101-hotspot\bin\server\jvm.dll
0x00007ffe72cb0000 - 0x00007ffe72d6c000 	C:\WINDOWS\System32\ADVAPI32.dll
0x00007ffe739e0000 - 0x00007ffe73a8a000 	C:\WINDOWS\System32\sechost.dll
0x00007ffe72e80000 - 0x00007ffe72f98000 	C:\WINDOWS\System32\RPCRT4.dll
0x00007ffe749b0000 - 0x00007ffe74a32000 	C:\WINDOWS\System32\WS2_32.dll
0x00007ffe71d30000 - 0x00007ffe71d8e000 	C:\WINDOWS\SYSTEM32\POWRPROF.dll
0x00007ffe5b270000 - 0x00007ffe5b2a6000 	C:\WINDOWS\SYSTEM32\WINMM.dll
0x00007ffe6c270000 - 0x00007ffe6c27b000 	C:\WINDOWS\SYSTEM32\VERSION.dll
0x00007ffe71d10000 - 0x00007ffe71d25000 	C:\WINDOWS\SYSTEM32\UMPDC.dll
0x00007ffe70ba0000 - 0x00007ffe70bbb000 	C:\WINDOWS\SYSTEM32\kernel.appcore.dll
0x00007ffe64de0000 - 0x00007ffe64dea000 	C:\Program Files\Eclipse Adoptium\jdk-21.0.12.101-hotspot\bin\jimage.dll
0x00007ffe6f660000 - 0x00007ffe6f8a2000 	C:\WINDOWS\SYSTEM32\DBGHELP.DLL
0x00007ffe73e00000 - 0x00007ffe74185000 	C:\WINDOWS\System32\combase.dll
0x00007ffe73600000 - 0x00007ffe736d9000 	C:\WINDOWS\System32\OLEAUT32.dll
0x00007ffe59aa0000 - 0x00007ffe59adb000 	C:\WINDOWS\SYSTEM32\dbgcore.DLL
0x00007ffe726a0000 - 0x00007ffe7274c000 	C:\WINDOWS\System32\bcryptPrimitives.dll
0x00007ffe64c80000 - 0x00007ffe64c8f000 	C:\Program Files\Eclipse Adoptium\jdk-21.0.12.101-hotspot\bin\instrument.dll
0x00007ffe5a330000 - 0x00007ffe5a350000 	C:\Program Files\Eclipse Adoptium\jdk-21.0.12.101-hotspot\bin\java.dll
0x00007ffe74220000 - 0x00007ffe749a8000 	C:\WINDOWS\System32\SHELL32.dll
0x00007ffe6f9a0000 - 0x00007ffe7023b000 	C:\WINDOWS\SYSTEM32\windows.storage.dll
0x00007ffe74ac0000 - 0x00007ffe74bb9000 	C:\WINDOWS\System32\SHCORE.dll
0x00007ffe74a50000 - 0x00007ffe74ab6000 	C:\WINDOWS\System32\shlwapi.dll
0x00007ffe71dd0000 - 0x00007ffe71df9000 	C:\WINDOWS\SYSTEM32\profapi.dll
0x00007ffdab920000 - 0x00007ffdab9f7000 	C:\Program Files\Eclipse Adoptium\jdk-21.0.12.101-hotspot\bin\jsvml.dll
0x00007ffe563c0000 - 0x00007ffe563d8000 	C:\Program Files\Eclipse Adoptium\jdk-21.0.12.101-hotspot\bin\zip.dll
0x00007ffe641f0000 - 0x00007ffe64200000 	C:\Program Files\Eclipse Adoptium\jdk-21.0.12.101-hotspot\bin\net.dll
0x00007ffe64a70000 - 0x00007ffe64b98000 	C:\WINDOWS\SYSTEM32\WINHTTP.dll
0x00007ffe71150000 - 0x00007ffe711bc000 	C:\WINDOWS\system32\mswsock.dll
0x00007ffe56300000 - 0x00007ffe56316000 	C:\Program Files\Eclipse Adoptium\jdk-21.0.12.101-hotspot\bin\nio.dll
0x00007ffe5d1e0000 - 0x00007ffe5d1f0000 	C:\Program Files\Eclipse Adoptium\jdk-21.0.12.101-hotspot\bin\verify.dll
0x00007ffe45730000 - 0x00007ffe45757000 	C:\Users\HNC140923\.gradle\native\1def1411415f61bf3af743bc5b6707747c0891f09f0c88961ee8f79bc544acac\windows-amd64\native-platform.dll
0x00007ffdb6680000 - 0x00007ffdb66f8000 	C:\Users\HNC140923\.gradle\native\0.2.7\x86_64-windows-gnu\gradle-fileevents.dll
0x00007ffe5c210000 - 0x00007ffe5c21a000 	C:\Program Files\Eclipse Adoptium\jdk-21.0.12.101-hotspot\bin\management.dll
0x00007ffe56660000 - 0x00007ffe5666c000 	C:\Program Files\Eclipse Adoptium\jdk-21.0.12.101-hotspot\bin\management_ext.dll
0x00007ffe74a40000 - 0x00007ffe74a48000 	C:\WINDOWS\System32\PSAPI.DLL
0x00007ffe70570000 - 0x00007ffe705a3000 	C:\WINDOWS\SYSTEM32\IPHLPAPI.DLL
0x00007ffe73160000 - 0x00007ffe7316a000 	C:\WINDOWS\System32\NSI.dll
0x00007ffe563b0000 - 0x00007ffe563b9000 	C:\Program Files\Eclipse Adoptium\jdk-21.0.12.101-hotspot\bin\extnet.dll
0x00007ffe71440000 - 0x00007ffe7145b000 	C:\WINDOWS\SYSTEM32\CRYPTSP.dll
0x00007ffe70b00000 - 0x00007ffe70b39000 	C:\WINDOWS\system32\rsaenh.dll
0x00007ffe71200000 - 0x00007ffe71232000 	C:\WINDOWS\SYSTEM32\USERENV.dll
0x00007ffe71da0000 - 0x00007ffe71dca000 	C:\WINDOWS\SYSTEM32\bcrypt.dll
0x00007ffe71460000 - 0x00007ffe7146c000 	C:\WINDOWS\SYSTEM32\CRYPTBASE.dll
0x00007ffe562a0000 - 0x00007ffe562ae000 	C:\Program Files\Eclipse Adoptium\jdk-21.0.12.101-hotspot\bin\sunmscapi.dll
0x00007ffe72510000 - 0x00007ffe7268e000 	C:\WINDOWS\System32\CRYPT32.dll
0x00007ffe71680000 - 0x00007ffe716b0000 	C:\WINDOWS\SYSTEM32\ncrypt.dll
0x00007ffe71630000 - 0x00007ffe7166f000 	C:\WINDOWS\SYSTEM32\NTASN1.dll
0x00007ffe5c7e0000 - 0x00007ffe5c7e8000 	C:\WINDOWS\system32\wshunix.dll

JVMTI agents:
C:\Users\HNC140923\.gradle\wrapper\dists\gradle-8.14.3-all\10utluxaxniiv4wxiphsi49nj\gradle-8.14.3\lib\agents\gradle-instrumentation-agent-8.14.3.jar path:C:\Program Files\Eclipse Adoptium\jdk-21.0.12.101-hotspot\bin\instrument.dll, loaded, initialized, instrumentlib options:none

dbghelp: loaded successfully - version: 4.0.5 - missing functions: none
symbol engine: initialized successfully - sym options: 0x614 - pdb path: .;C:\Program Files\Eclipse Adoptium\jdk-21.0.12.101-hotspot\bin;C:\WINDOWS\SYSTEM32;C:\WINDOWS\WinSxS\amd64_microsoft.windows.common-controls_6595b64144ccf1df_6.0.26100.8972_none_3e0da176e32f9d4b;C:\Program Files\Eclipse Adoptium\jdk-21.0.12.101-hotspot\bin\server;C:\Users\HNC140923\.gradle\native\1def1411415f61bf3af743bc5b6707747c0891f09f0c88961ee8f79bc544acac\windows-amd64;C:\Users\HNC140923\.gradle\native\0.2.7\x86_64-windows-gnu

VM Arguments:
jvm_args: --add-opens=java.base/java.lang=ALL-UNNAMED --add-opens=java.base/java.lang.invoke=ALL-UNNAMED --add-opens=java.base/java.util=ALL-UNNAMED --add-opens=java.prefs/java.util.prefs=ALL-UNNAMED --add-exports=jdk.compiler/com.sun.tools.javac.api=ALL-UNNAMED --add-exports=jdk.compiler/com.sun.tools.javac.util=ALL-UNNAMED --add-opens=java.base/java.util=ALL-UNNAMED --add-opens=java.prefs/java.util.prefs=ALL-UNNAMED --add-opens=java.base/java.nio.charset=ALL-UNNAMED --add-opens=java.base/java.net=ALL-UNNAMED --add-opens=java.base/java.util.concurrent.atomic=ALL-UNNAMED --add-opens=java.xml/javax.xml.namespace=ALL-UNNAMED -XX:MaxMetaspaceSize=512m -Xmx2048m -Dfile.encoding=UTF-8 -Duser.country=US -Duser.language=en -Duser.variant -javaagent:C:\Users\HNC140923\.gradle\wrapper\dists\gradle-8.14.3-all\10utluxaxniiv4wxiphsi49nj\gradle-8.14.3\lib\agents\gradle-instrumentation-agent-8.14.3.jar 
java_command: org.gradle.launcher.daemon.bootstrap.GradleDaemon 8.14.3
java_class_path (initial): C:\Users\HNC140923\.gradle\wrapper\dists\gradle-8.14.3-all\10utluxaxniiv4wxiphsi49nj\gradle-8.14.3\lib\gradle-daemon-main-8.14.3.jar
Launcher Type: SUN_STANDARD

[Global flags]
     intx CICompilerCount                          = 3                                         {product} {ergonomic}
   size_t CompressedClassSpaceSize                 = 436207616                                 {product} {ergonomic}
     uint ConcGCThreads                            = 1                                         {product} {ergonomic}
     uint G1ConcRefinementThreads                  = 4                                         {product} {ergonomic}
   size_t G1HeapRegionSize                         = 1048576                                   {product} {ergonomic}
    uintx GCDrainStackTargetSize                   = 64                                        {product} {ergonomic}
   size_t InitialHeapSize                          = 65011712                                  {product} {ergonomic}
   size_t MarkStackSize                            = 4194304                                   {product} {ergonomic}
   size_t MaxHeapSize                              = 2147483648                                {product} {command line}
   size_t MaxMetaspaceSize                         = 536870912                                 {product} {command line}
   size_t MaxNewSize                               = 1287651328                                {product} {ergonomic}
   size_t MinHeapDeltaBytes                        = 1048576                                   {product} {ergonomic}
   size_t MinHeapSize                              = 8388608                                   {product} {ergonomic}
    uintx NonNMethodCodeHeapSize                   = 5832780                                {pd product} {ergonomic}
    uintx NonProfiledCodeHeapSize                  = 122912730                              {pd product} {ergonomic}
    uintx ProfiledCodeHeapSize                     = 122912730                              {pd product} {ergonomic}
    uintx ReservedCodeCacheSize                    = 251658240                              {pd product} {ergonomic}
     bool SegmentedCodeCache                       = true                                      {product} {ergonomic}
   size_t SoftMaxHeapSize                          = 2147483648                             {manageable} {ergonomic}
     bool UseCompressedOops                        = true                           {product lp64_product} {ergonomic}
     bool UseG1GC                                  = true                                      {product} {ergonomic}
     bool UseLargePagesIndividualAllocation        = false                                  {pd product} {ergonomic}

Logging:
Log output configuration:
 #0: stdout all=warning uptime,level,tags foldmultilines=false
 #1: stderr all=off uptime,level,tags foldmultilines=false

Release file:
IMPLEMENTOR="Eclipse Adoptium" 
IMPLEMENTOR_VERSION="Temurin-21.0.12.1+1" 
JAVA_RUNTIME_VERSION="21.0.12.1+1-LTS" 
JAVA_VERSION="21.0.12.1" 
JAVA_VERSION_DATE="2026-08-18" 
LIBC="default" 
MODULES="java.base java.compiler java.datatransfer java.xml java.prefs java.desktop java.instrument java.logging java.management java.security.sasl java.naming java.rmi java.management.rmi java.net.http java.scripting java.security.jgss java.transaction.xa java.sql java.sql.rowset java.xml.crypto java.se java.smartcardio jdk.accessibility jdk.internal.jvmstat jdk.attach jdk.charsets jdk.internal.opt jdk.zipfs jdk.compiler jdk.crypto.ec jdk.crypto.cryptoki jdk.crypto.mscapi jdk.dynalink jdk.internal.ed jdk.editpad jdk.hotspot.agent jdk.httpserver jdk.incubator.vector jdk.internal.le jdk.internal.vm.ci jdk.internal.vm.compiler jdk.internal.vm.compiler.management jdk.jartool jdk.javadoc jdk.jcmd jdk.management jdk.management.agent jdk.jconsole jdk.jdeps jdk.jdwp.agent jdk.jdi jdk.jfr jdk.jlink jdk.jpackage jdk.jshell jdk.jsobject jdk.jstatd jdk.localedata jdk.management.jfr jdk.naming.dns jdk.naming.rmi jdk.net jdk.nio.mapmode jdk.random jdk.sctp jdk.security.auth jdk.security.jgss jdk.unsupported jdk.unsupported.desktop jdk.xml.dom" 
OS_ARCH="x86_64" 
OS_NAME="Windows" 
SOURCE=".:git:1c417fbfc2f7" 
BUILD_SOURCE="git:e6ba7dec3d07654074559310376a3ae89da5f4ac"
BUILD_SOURCE_REPO="https://github.com/adoptium/temurin-build.git"
SOURCE_REPO="https://github.com/adoptium/jdk21u.git"
FULL_VERSION="21.0.12.1+1-LTS"
SEMANTIC_VERSION="21.0.12.1+1"
BUILD_INFO="OS: Windows Server 2022 Version: 10.0"
JVM_VARIANT="Hotspot"
JVM_VERSION="21.0.12.1+1-LTS"
IMAGE_TYPE="JDK"

Environment Variables:
JAVA_HOME=C:\Program Files\Eclipse Adoptium\jdk-21.0.12.101-hotspot\
PATH=C:\Program Files\Eclipse Adoptium\jdk-21.0.12.101-hotspot\bin;C:\Program Files\Common Files\Oracle\Java\javapath;C:\Program Files\Eclipse Adoptium\jdk-17.0.20.101-hotspot\bin;C:\WINDOWS\system32;C:\WINDOWS;C:\WINDOWS\System32\Wbem;C:\WINDOWS\System32\WindowsPowerShell\v1.0\;C:\WINDOWS\System32\OpenSSH\;C:\Program Files (x86)\Microsoft SQL Server\160\Tools\Binn\;C:\Program Files\Microsoft SQL Server\160\Tools\Binn\;C:\Program Files\Microsoft SQL Server\Client SDK\ODBC\170\Tools\Binn\;C:\Program Files\Microsoft SQL Server\160\DTS\Binn\;C:\Program Files (x86)\Microsoft SQL Server\160\DTS\Binn\;C:\Program Files\Microsoft SQL Server\170\Tools\Binn\;C:\Program Files\dotnet\;C:\Program Files (x86)\Windows Kits\10\Windows Performance Toolkit\;C:\Program Files\;C:\Program Files\Git\cmd;C:\Users\HNC140923\AppData\Local\Microsoft\WindowsApps;C:\Users\HNC140923\AppData\Local\Programs\Microsoft VS Code\bin;C:\Users\HNC140923\.dotnet\tools;C:\Users\HNC140923\AppData\Local\GitHubDesktop\bin;C:\Users\HNC140923\AppData\Roaming\npm
USERNAME=HNC140923
OS=Windows_NT
PROCESSOR_IDENTIFIER=Intel64 Family 6 Model 126 Stepping 5, GenuineIntel
TMP=C:\Users\HNC140~1\AppData\Local\Temp
TEMP=C:\Users\HNC140~1\AppData\Local\Temp




Periodic native trim disabled

---------------  S Y S T E M  ---------------

OS:
 Windows 11 , 64 bit Build 26100 (10.0.26100.9168)
OS uptime: 0 days 7:22 hours

CPU: total 4 (initial active 4) (2 cores per cpu, 2 threads per core) family 6 model 126 stepping 5 microcode 0xa6, cx8, cmov, fxsr, ht, mmx, 3dnowpref, sse, sse2, sse3, ssse3, sse4.1, sse4.2, popcnt, lzcnt, tsc, tscinvbit, avx, avx2, aes, erms, clmul, bmi1, bmi2, adx, avx512f, avx512dq, avx512cd, avx512bw, avx512vl, sha, fma, vzeroupper, avx512_vpopcntdq, avx512_vpclmulqdq, avx512_vaes, avx512_vnni, clflush, clflushopt, avx512_vbmi2, avx512_vbmi, rdtscp, rdpid, fsrm, gfni, avx512_bitalg, f16c, pku, avx512_ifma
Processor Information for processor 0
  Max Mhz: 1190, Current Mhz: 991, Mhz Limit: 1190
Processor Information for processor 1
  Max Mhz: 1190, Current Mhz: 1190, Mhz Limit: 1190
Processor Information for processor 2
  Max Mhz: 1190, Current Mhz: 1190, Mhz Limit: 1190
Processor Information for processor 3
  Max Mhz: 1190, Current Mhz: 1190, Mhz Limit: 1190

Memory: 4k page, system-wide physical 3891M (59M free)
TotalPageFile size 15667M (AvailPageFile size 6M)
current process WorkingSet (physical memory assigned to process): 255M, peak: 282M
current process commit charge ("private bytes"): 383M, peak: 387M

vm_info: OpenJDK 64-Bit Server VM (21.0.12.1+1-LTS) for windows-amd64 JRE (21.0.12.1+1-LTS), built on 2026-08-18T00:00:00Z by "admin" with MS VC++ 17.12 (VS2022)

END.
